../Core/Src/BNO080.c:1049:5:BNO080_receivePacket.part.0	48	static
../Core/Src/BNO080.c:1109:5:BNO080_sendPacket.constprop	40	static
../Core/Src/BNO080.c:1109:5:BNO080_sendPacket.constprop.isra	32	static
../Core/Src/BNO080.c:1109:5:BNO080_sendPacket.constprop.isra	40	static
../Core/Src/BNO080.c:79:6:BNO080_GPIO_SPI_Initialization	8	static
../Core/Src/BNO080.c:164:9:BNO080_Initialization	24	static
../Core/Src/BNO080.c:228:15:SPI3_SendByte	32	static
../Core/Src/BNO080.c:294:6:BNO080_parseCommandReport	0	static
../Core/Src/BNO080.c:330:6:BNO080_parseInputReport	20	static
../Core/Src/BNO080.c:248:5:BNO080_dataAvailable	24	static
../Core/Src/BNO080.c:446:7:BNO080_getQuatI	8	static
../Core/Src/BNO080.c:452:7:BNO080_getQuatJ	8	static
../Core/Src/BNO080.c:458:7:BNO080_getQuatK	8	static
../Core/Src/BNO080.c:464:7:BNO080_getQuatReal	8	static
../Core/Src/BNO080.c:470:7:BNO080_getQuatRadianAccuracy	8	static
../Core/Src/BNO080.c:476:9:BNO080_getQuatAccuracy	0	static
../Core/Src/BNO080.c:482:7:BNO080_getAccelX	8	static
../Core/Src/BNO080.c:488:7:BNO080_getAccelY	8	static
../Core/Src/BNO080.c:494:7:BNO080_getAccelZ	8	static
../Core/Src/BNO080.c:500:9:BNO080_getAccelAccuracy	0	static
../Core/Src/BNO080.c:508:7:BNO080_getLinAccelX	8	static
../Core/Src/BNO080.c:514:7:BNO080_getLinAccelY	8	static
../Core/Src/BNO080.c:520:7:BNO080_getLinAccelZ	8	static
../Core/Src/BNO080.c:526:9:BNO080_getLinAccelAccuracy	0	static
../Core/Src/BNO080.c:532:7:BNO080_getGyroX	8	static
../Core/Src/BNO080.c:538:7:BNO080_getGyroY	8	static
../Core/Src/BNO080.c:544:7:BNO080_getGyroZ	8	static
../Core/Src/BNO080.c:550:9:BNO080_getGyroAccuracy	0	static
../Core/Src/BNO080.c:556:7:BNO080_getMagX	8	static
../Core/Src/BNO080.c:562:7:BNO080_getMagY	8	static
../Core/Src/BNO080.c:568:7:BNO080_getMagZ	8	static
../Core/Src/BNO080.c:574:9:BNO080_getMagAccuracy	0	static
../Core/Src/BNO080.c:580:10:BNO080_getStepCount	0	static
../Core/Src/BNO080.c:586:9:BNO080_getStabilityClassifier	0	static
../Core/Src/BNO080.c:592:9:BNO080_getActivityClassifier	0	static
../Core/Src/BNO080.c:598:10:BNO080_getTimeStamp	0	static
../Core/Src/BNO080.c:666:6:BNO080_frsReadRequest	40	static
../Core/Src/BNO080.c:684:5:BNO080_readFRSdata	32	static
../Core/Src/BNO080.c:656:10:BNO080_readFRSword	8	static
../Core/Src/BNO080.c:605:9:BNO080_getQ1	8	static
../Core/Src/BNO080.c:613:9:BNO080_getQ2	8	static
../Core/Src/BNO080.c:621:9:BNO080_getQ3	8	static
../Core/Src/BNO080.c:628:7:BNO080_getResolution	16	static
../Core/Src/BNO080.c:641:7:BNO080_getRange	16	static
../Core/Src/BNO080.c:745:6:BNO080_softReset	40	static
../Core/Src/BNO080.c:761:9:BNO080_resetReason	16	static
../Core/Src/BNO080.c:783:7:BNO080_qToFloat	16	static
../Core/Src/BNO080.c:789:9:BNO080_enableRotationVector	8	static
../Core/Src/BNO080.c:795:6:BNO080_enableGameRotationVector	4	static
../Core/Src/BNO080.c:801:6:BNO080_enableAccelerometer	4	static
../Core/Src/BNO080.c:807:6:BNO080_enableLinearAccelerometer	4	static
../Core/Src/BNO080.c:813:6:BNO080_enableGyro	4	static
../Core/Src/BNO080.c:819:6:BNO080_enableMagnetometer	4	static
../Core/Src/BNO080.c:825:6:BNO080_enableStepCounter	4	static
../Core/Src/BNO080.c:831:6:BNO080_enableStabilityClassifier	4	static
../Core/Src/BNO080.c:837:6:BNO080_calibrateAccelerometer	0	static
../Core/Src/BNO080.c:843:6:BNO080_calibrateGyro	0	static
../Core/Src/BNO080.c:849:6:BNO080_calibrateMagnetometer	0	static
../Core/Src/BNO080.c:855:6:BNO080_calibratePlanarAccelerometer	0	static
../Core/Src/BNO080.c:861:6:BNO080_calibrateAll	4	static
../Core/Src/BNO080.c:866:6:BNO080_endCalibration	0	static
../Core/Src/BNO080.c:873:5:BNO080_calibrationComplete	0	static
../Core/Src/BNO080.c:882:9:BNO080_setFeatureCommand	8	static
../Core/Src/BNO080.c:910:6:BNO080_sendCommand	0	static
../Core/Src/BNO080.c:933:6:BNO080_sendCalibrateCommand	0	static
../Core/Src/BNO080.c:974:6:BNO080_requestCalibrationStatus	0	static
../Core/Src/BNO080.c:997:6:BNO080_saveCalibration	0	static
../Core/Src/BNO080.c:1019:5:BNO080_waitForSPI	16	static
../Core/Src/BNO080.c:1049:5:BNO080_receivePacket	16	static
../Core/Src/BNO080.c:1109:5:BNO080_sendPacket	40	static
../Core/Src/BNO080.c:1138:6:BNO080_Hardware_Test	16	static
