../Core/Src/ms5849.c:467:15:read_prom_word	24	static
../Core/Src/ms5849.c:184:8:ms5849_get_regs	24	static
../Core/Src/ms5849.c:220:8:ms5849_set_regs	24	static
../Core/Src/ms5849.c:253:8:ms5849_soft_reset	8	static
../Core/Src/ms5849.c:282:8:ms5849_start_press_conversion	4	static
../Core/Src/ms5849.c:287:8:ms5849_start_temp_conversion	4	static
../Core/Src/ms5849.c:293:8:ms5849_read_press_raw	24	static
../Core/Src/ms5849.c:297:8:ms5849_read_temp_raw	24	static
../Core/Src/ms5849.c:302:6:ms5849_compensate	24	static
../Core/Src/ms5849.c:360:8:ms5849_get_adc_data_press	32	static
../Core/Src/ms5849.c:373:8:ms5849_get_adc_data_temp	32	static
../Core/Src/ms5849.c:325:8:ms5849_get_sensor_data	32	static
../Core/Src/ms5849.c:386:8:ms5849_start_conversion	4	static
../Core/Src/ms5849.c:395:8:ms5849_read_adc	24	static
../Core/Src/ms5849.c:418:8:ms5849_write_op_reg	16	static
../Core/Src/ms5849.c:427:8:ms5849_read_op_reg	32	static
../Core/Src/ms5849.c:501:8:ms5849_check_calib	16	static
../Core/Src/ms5849.c:116:8:ms5849_init	24	static
../Core/Src/ms5849.c:558:8:ms5849_write_config	16	static
../Core/Src/ms5849.c:577:8:ms5849_read_config	24	static
