../Core/Src/sensor_interface.cpp:25:16:int32_t CUSTOM_Init()	0	static
../Core/Src/sensor_interface.cpp:34:16:int32_t Init_One_Sensor(int, uint16_t)	40	static
../Core/Src/sensor_interface.cpp:21:16:int32_t CUSTOM_GetTick()	0	static
../Core/Src/sensor_interface.cpp:17:16:int32_t CUSTOM_I2C_ReadReg(uint16_t, uint8_t*, uint16_t)	16	static
../Core/Src/sensor_interface.cpp:13:16:int32_t CUSTOM_I2C_WriteReg(uint16_t, uint8_t*, uint16_t)	16	static
../Core/Src/sensor_interface.cpp:29:16:int32_t CUSTOM_DeInit()	0	static
../Core/Src/sensor_interface.cpp:87:9:int32_t TOF_Init()	8	static
