Archive member included to satisfy reference by file (symbol)

C:/ST/STM32CubeIDE_1.19.0/STM32CubeIDE/plugins/com.st.stm32cube.ide.mcu.externaltools.gnu-tools-for-stm32.10.3-2021.10.win32_1.2.0.202410251133/tools/bin/../lib/gcc/arm-none-eabi/10.3.1/../../../../arm-none-eabi/lib/thumb/v7e-m+fp/hard\libm.a(lib_a-s_round.o)
                              ./Drivers/vl53l4cd/modules/vl53l4cd_api.o (round)
C:/ST/STM32CubeIDE_1.19.0/STM32CubeIDE/plugins/com.st.stm32cube.ide.mcu.externaltools.gnu-tools-for-stm32.10.3-2021.10.win32_1.2.0.202410251133/tools/bin/../lib/gcc/arm-none-eabi/10.3.1/../../../../arm-none-eabi/lib/thumb/v7e-m+fp/hard\libm.a(lib_a-sf_ceil.o)
                              ./Core/Src/math_ops.o (ceilf)
C:/ST/STM32CubeIDE_1.19.0/STM32CubeIDE/plugins/com.st.stm32cube.ide.mcu.externaltools.gnu-tools-for-stm32.10.3-2021.10.win32_1.2.0.202410251133/tools/bin/../lib/gcc/arm-none-eabi/10.3.1/../../../../arm-none-eabi/lib/thumb/v7e-m+fp/hard\libm.a(lib_a-sf_floor.o)
                              ./Core/Src/math_ops.o (floorf)
C:/ST/STM32CubeIDE_1.19.0/STM32CubeIDE/plugins/com.st.stm32cube.ide.mcu.externaltools.gnu-tools-for-stm32.10.3-2021.10.win32_1.2.0.202410251133/tools/bin/../lib/gcc/arm-none-eabi/10.3.1/../../../../arm-none-eabi/lib/thumb/v7e-m+fp/hard\libm.a(lib_a-sf_lround.o)
                              ./Core/Src/fingertip.o (lroundf)
C:/ST/STM32CubeIDE_1.19.0/STM32CubeIDE/plugins/com.st.stm32cube.ide.mcu.externaltools.gnu-tools-for-stm32.10.3-2021.10.win32_1.2.0.202410251133/tools/bin/../lib/gcc/arm-none-eabi/10.3.1/../../../../arm-none-eabi/lib/thumb/v7e-m+fp/hard\libm.a(lib_a-wf_asin.o)
                              ./Core/Src/Quaternion.o (asinf)
C:/ST/STM32CubeIDE_1.19.0/STM32CubeIDE/plugins/com.st.stm32cube.ide.mcu.externaltools.gnu-tools-for-stm32.10.3-2021.10.win32_1.2.0.202410251133/tools/bin/../lib/gcc/arm-none-eabi/10.3.1/../../../../arm-none-eabi/lib/thumb/v7e-m+fp/hard\libm.a(lib_a-wf_atan2.o)
                              ./Core/Src/Quaternion.o (atan2f)
C:/ST/STM32CubeIDE_1.19.0/STM32CubeIDE/plugins/com.st.stm32cube.ide.mcu.externaltools.gnu-tools-for-stm32.10.3-2021.10.win32_1.2.0.202410251133/tools/bin/../lib/gcc/arm-none-eabi/10.3.1/../../../../arm-none-eabi/lib/thumb/v7e-m+fp/hard\libm.a(lib_a-wf_exp.o)
                              ./Core/Src/kaist_net.o (expf)
C:/ST/STM32CubeIDE_1.19.0/STM32CubeIDE/plugins/com.st.stm32cube.ide.mcu.externaltools.gnu-tools-for-stm32.10.3-2021.10.win32_1.2.0.202410251133/tools/bin/../lib/gcc/arm-none-eabi/10.3.1/../../../../arm-none-eabi/lib/thumb/v7e-m+fp/hard\libm.a(lib_a-wf_pow.o)
                              ./Core/Src/BNO080.o (powf)
C:/ST/STM32CubeIDE_1.19.0/STM32CubeIDE/plugins/com.st.stm32cube.ide.mcu.externaltools.gnu-tools-for-stm32.10.3-2021.10.win32_1.2.0.202410251133/tools/bin/../lib/gcc/arm-none-eabi/10.3.1/../../../../arm-none-eabi/lib/thumb/v7e-m+fp/hard\libm.a(lib_a-ef_asin.o)
                              C:/ST/STM32CubeIDE_1.19.0/STM32CubeIDE/plugins/com.st.stm32cube.ide.mcu.externaltools.gnu-tools-for-stm32.10.3-2021.10.win32_1.2.0.202410251133/tools/bin/../lib/gcc/arm-none-eabi/10.3.1/../../../../arm-none-eabi/lib/thumb/v7e-m+fp/hard\libm.a(lib_a-wf_asin.o) (__ieee754_asinf)
C:/ST/STM32CubeIDE_1.19.0/STM32CubeIDE/plugins/com.st.stm32cube.ide.mcu.externaltools.gnu-tools-for-stm32.10.3-2021.10.win32_1.2.0.202410251133/tools/bin/../lib/gcc/arm-none-eabi/10.3.1/../../../../arm-none-eabi/lib/thumb/v7e-m+fp/hard\libm.a(lib_a-ef_atan2.o)
                              C:/ST/STM32CubeIDE_1.19.0/STM32CubeIDE/plugins/com.st.stm32cube.ide.mcu.externaltools.gnu-tools-for-stm32.10.3-2021.10.win32_1.2.0.202410251133/tools/bin/../lib/gcc/arm-none-eabi/10.3.1/../../../../arm-none-eabi/lib/thumb/v7e-m+fp/hard\libm.a(lib_a-wf_atan2.o) (__ieee754_atan2f)
C:/ST/STM32CubeIDE_1.19.0/STM32CubeIDE/plugins/com.st.stm32cube.ide.mcu.externaltools.gnu-tools-for-stm32.10.3-2021.10.win32_1.2.0.202410251133/tools/bin/../lib/gcc/arm-none-eabi/10.3.1/../../../../arm-none-eabi/lib/thumb/v7e-m+fp/hard\libm.a(lib_a-ef_exp.o)
                              C:/ST/STM32CubeIDE_1.19.0/STM32CubeIDE/plugins/com.st.stm32cube.ide.mcu.externaltools.gnu-tools-for-stm32.10.3-2021.10.win32_1.2.0.202410251133/tools/bin/../lib/gcc/arm-none-eabi/10.3.1/../../../../arm-none-eabi/lib/thumb/v7e-m+fp/hard\libm.a(lib_a-wf_exp.o) (__ieee754_expf)
C:/ST/STM32CubeIDE_1.19.0/STM32CubeIDE/plugins/com.st.stm32cube.ide.mcu.externaltools.gnu-tools-for-stm32.10.3-2021.10.win32_1.2.0.202410251133/tools/bin/../lib/gcc/arm-none-eabi/10.3.1/../../../../arm-none-eabi/lib/thumb/v7e-m+fp/hard\libm.a(lib_a-ef_pow.o)
                              C:/ST/STM32CubeIDE_1.19.0/STM32CubeIDE/plugins/com.st.stm32cube.ide.mcu.externaltools.gnu-tools-for-stm32.10.3-2021.10.win32_1.2.0.202410251133/tools/bin/../lib/gcc/arm-none-eabi/10.3.1/../../../../arm-none-eabi/lib/thumb/v7e-m+fp/hard\libm.a(lib_a-wf_pow.o) (__ieee754_powf)
[...]
Memory Configuration

Name             Origin             Length             Attributes
RAM              0x0000000020000000 0x000000000001c000 xrw
FLASH            0x0000000008000000 0x0000000000080000 xr
*default*        0x0000000000000000 0xffffffffffffffff

Linker script and memory map

LOAD C:/ST/STM32CubeIDE_1.19.0/STM32CubeIDE/plugins/com.st.stm32cube.ide.mcu.externaltools.gnu-tools-for-stm32.10.3-2021.10.win32_1.2.0.202410251133/tools/bin/../lib/gcc/arm-none-eabi/10.3.1/thumb/v7e-m+fp/hard/crti.o
LOAD C:/ST/STM32CubeIDE_1.19.0/STM32CubeIDE/plugins/com.st.stm32cube.ide.mcu.externaltools.gnu-tools-for-stm32.10.3-2021.10.win32_1.2.0.202410251133/tools/bin/../lib/gcc/arm-none-eabi/10.3.1/thumb/v7e-m+fp/hard/crtbegin.o
LOAD C:/ST/STM32CubeIDE_1.19.0/STM32CubeIDE/plugins/com.st.stm32cube.ide.mcu.externaltools.gnu-tools-for-stm32.10.3-2021.10.win32_1.2.0.202410251133/tools/bin/../lib/gcc/arm-none-eabi/10.3.1/../../../../arm-none-eabi/lib/thumb/v7e-m+fp/hard/crt0.o
LOAD ./Core/Src/BNO080.o
LOAD ./Core/Src/ForceSensor.o
LOAD ./Core/Src/Quaternion.o
LOAD ./Core/Src/fdcan.o
LOAD ./Core/Src/fingertip.o
LOAD ./Core/Src/fingertip_net.o
LOAD ./Core/Src/gpio.o
LOAD ./Core/Src/i2c.o
LOAD ./Core/Src/kaist_net.o
LOAD ./Core/Src/kaist_net_selftest.o
LOAD ./Core/Src/main.o
LOAD ./Core/Src/math_ops.o
LOAD ./Core/Src/ms5849.o
LOAD ./Core/Src/ms5849_funcs.o
LOAD ./Core/Src/printing.o
LOAD ./Core/Src/sensor_interface.o
LOAD ./Core/Src/spi.o
LOAD ./Core/Src/stm32g4xx_hal_msp.o
LOAD ./Core/Src/stm32g4xx_it.o
LOAD ./Core/Src/syscalls.o
LOAD ./Core/Src/sysmem.o
LOAD ./Core/Src/system_stm32g4xx.o
LOAD ./Core/Src/tim.o
LOAD ./Core/Src/usart.o
LOAD ./Core/Startup/startup_stm32g491ceux.o
LOAD ./Drivers/STM32G4xx_HAL_Driver/Src/stm32g4xx_hal.o
LOAD ./Drivers/STM32G4xx_HAL_Driver/Src/stm32g4xx_hal_cortex.o
LOAD ./Drivers/STM32G4xx_HAL_Driver/Src/stm32g4xx_hal_dma.o
LOAD ./Drivers/STM32G4xx_HAL_Driver/Src/stm32g4xx_hal_dma_ex.o
LOAD ./Drivers/STM32G4xx_HAL_Driver/Src/stm32g4xx_hal_exti.o
LOAD ./Drivers/STM32G4xx_HAL_Driver/Src/stm32g4xx_hal_fdcan.o
LOAD ./Drivers/STM32G4xx_HAL_Driver/Src/stm32g4xx_hal_flash.o
LOAD ./Drivers/STM32G4xx_HAL_Driver/Src/stm32g4xx_hal_flash_ex.o
LOAD ./Drivers/STM32G4xx_HAL_Driver/Src/stm32g4xx_hal_flash_ramfunc.o
LOAD ./Drivers/STM32G4xx_HAL_Driver/Src/stm32g4xx_hal_gpio.o
LOAD ./Drivers/STM32G4xx_HAL_Driver/Src/stm32g4xx_hal_i2c.o
LOAD ./Drivers/STM32G4xx_HAL_Driver/Src/stm32g4xx_hal_i2c_ex.o
LOAD ./Drivers/STM32G4xx_HAL_Driver/Src/stm32g4xx_hal_pwr.o
LOAD ./Drivers/STM32G4xx_HAL_Driver/Src/stm32g4xx_hal_pwr_ex.o
LOAD ./Drivers/STM32G4xx_HAL_Driver/Src/stm32g4xx_hal_rcc.o
LOAD ./Drivers/STM32G4xx_HAL_Driver/Src/stm32g4xx_hal_rcc_ex.o
LOAD ./Drivers/STM32G4xx_HAL_Driver/Src/stm32g4xx_hal_spi.o
LOAD ./Drivers/STM32G4xx_HAL_Driver/Src/stm32g4xx_hal_spi_ex.o
LOAD ./Drivers/STM32G4xx_HAL_Driver/Src/stm32g4xx_hal_tim.o
LOAD ./Drivers/STM32G4xx_HAL_Driver/Src/stm32g4xx_hal_tim_ex.o
LOAD ./Drivers/STM32G4xx_HAL_Driver/Src/stm32g4xx_hal_uart.o
LOAD ./Drivers/STM32G4xx_HAL_Driver/Src/stm32g4xx_hal_uart_ex.o
LOAD ./Drivers/vl53l4cd/modules/vl53l4cd_api.o
LOAD ./Drivers/vl53l4cd/modules/vl53l4cd_calibration.o
LOAD ./Drivers/vl53l4cd/porting/platform.o
LOAD ./Drivers/vl53l4cd/vl53l4cd.o
START GROUP
LOAD C:/ST/STM32CubeIDE_1.19.0/STM32CubeIDE/plugins/com.st.stm32cube.ide.mcu.externaltools.gnu-tools-for-stm32.10.3-2021.10.win32_1.2.0.202410251133/tools/bin/../lib/gcc/arm-none-eabi/10.3.1/../../../../arm-none-eabi/lib/thumb/v7e-m+fp/hard\libstdc++_nano.a
LOAD C:/ST/STM32CubeIDE_1.19.0/STM32CubeIDE/plugins/com.st.stm32cube.ide.mcu.externaltools.gnu-tools-for-stm32.10.3-2021.10.win32_1.2.0.202410251133/tools/bin/../lib/gcc/arm-none-eabi/10.3.1/../../../../arm-none-eabi/lib/thumb/v7e-m+fp/hard\libsupc++_nano.a
END GROUP
LOAD C:/ST/STM32CubeIDE_1.19.0/STM32CubeIDE/plugins/com.st.stm32cube.ide.mcu.externaltools.gnu-tools-for-stm32.10.3-2021.10.win32_1.2.0.202410251133/tools/bin/../lib/gcc/arm-none-eabi/10.3.1/../../../../arm-none-eabi/lib/thumb/v7e-m+fp/hard\libstdc++_nano.a
LOAD C:/ST/STM32CubeIDE_1.19.0/STM32CubeIDE/plugins/com.st.stm32cube.ide.mcu.externaltools.gnu-tools-for-stm32.10.3-2021.10.win32_1.2.0.202410251133/tools/bin/../lib/gcc/arm-none-eabi/10.3.1/../../../../arm-none-eabi/lib/thumb/v7e-m+fp/hard\libm.a
LOAD C:/ST/STM32CubeIDE_1.19.0/STM32CubeIDE/plugins/com.st.stm32cube.ide.mcu.externaltools.gnu-tools-for-stm32.10.3-2021.10.win32_1.2.0.202410251133/tools/bin/../lib/gcc/arm-none-eabi/10.3.1/../../../../arm-none-eabi/lib/thumb/v7e-m+fp/hard\libc_nano.a
START GROUP
LOAD C:/ST/STM32CubeIDE_1.19.0/STM32CubeIDE/plugins/com.st.stm32cube.ide.mcu.externaltools.gnu-tools-for-stm32.10.3-2021.10.win32_1.2.0.202410251133/tools/bin/../lib/gcc/arm-none-eabi/10.3.1/thumb/v7e-m+fp/hard\libgcc.a
LOAD C:/ST/STM32CubeIDE_1.19.0/STM32CubeIDE/plugins/com.st.stm32cube.ide.mcu.externaltools.gnu-tools-for-stm32.10.3-2021.10.win32_1.2.0.202410251133/tools/bin/../lib/gcc/arm-none-eabi/10.3.1/../../../../arm-none-eabi/lib/thumb/v7e-m+fp/hard\libc_nano.a
END GROUP
START GROUP
LOAD C:/ST/STM32CubeIDE_1.19.0/STM32CubeIDE/plugins/com.st.stm32cube.ide.mcu.externaltools.gnu-tools-for-stm32.10.3-2021.10.win32_1.2.0.202410251133/tools/bin/../lib/gcc/arm-none-eabi/10.3.1/thumb/v7e-m+fp/hard\libgcc.a
LOAD C:/ST/STM32CubeIDE_1.19.0/STM32CubeIDE/plugins/com.st.stm32cube.ide.mcu.externaltools.gnu-tools-for-stm32.10.3-2021.10.win32_1.2.0.202410251133/tools/bin/../lib/gcc/arm-none-eabi/10.3.1/../../../../arm-none-eabi/lib/thumb/v7e-m+fp/hard\libc_nano.a
LOAD C:/ST/STM32CubeIDE_1.19.0/STM32CubeIDE/plugins/com.st.stm32cube.ide.mcu.externaltools.gnu-tools-for-stm32.10.3-2021.10.win32_1.2.0.202410251133/tools/bin/../lib/gcc/arm-none-eabi/10.3.1/../../../../arm-none-eabi/lib/thumb/v7e-m+fp/hard\libnosys.a
END GROUP
START GROUP
LOAD C:/ST/STM32CubeIDE_1.19.0/STM32CubeIDE/plugins/com.st.stm32cube.ide.mcu.externaltools.gnu-tools-for-stm32.10.3-2021.10.win32_1.2.0.202410251133/tools/bin/../lib/gcc/arm-none-eabi/10.3.1/thumb/v7e-m+fp/hard\libgcc.a
LOAD C:/ST/STM32CubeIDE_1.19.0/STM32CubeIDE/plugins/com.st.stm32cube.ide.mcu.externaltools.gnu-tools-for-stm32.10.3-2021.10.win32_1.2.0.202410251133/tools/bin/../lib/gcc/arm-none-eabi/10.3.1/../../../../arm-none-eabi/lib/thumb/v7e-m+fp/hard\libc_nano.a
LOAD C:/ST/STM32CubeIDE_1.19.0/STM32CubeIDE/plugins/com.st.stm32cube.ide.mcu.externaltools.gnu-tools-for-stm32.10.3-2021.10.win32_1.2.0.202410251133/tools/bin/../lib/gcc/arm-none-eabi/10.3.1/../../../../arm-none-eabi/lib/thumb/v7e-m+fp/hard\libnosys.a
END GROUP
LOAD C:/ST/STM32CubeIDE_1.19.0/STM32CubeIDE/plugins/com.st.stm32cube.ide.mcu.externaltools.gnu-tools-for-stm32.10.3-2021.10.win32_1.2.0.202410251133/tools/bin/../lib/gcc/arm-none-eabi/10.3.1/thumb/v7e-m+fp/hard/crtend.o
LOAD C:/ST/STM32CubeIDE_1.19.0/STM32CubeIDE/plugins/com.st.stm32cube.ide.mcu.externaltools.gnu-tools-for-stm32.10.3-2021.10.win32_1.2.0.202410251133/tools/bin/../lib/gcc/arm-none-eabi/10.3.1/thumb/v7e-m+fp/hard/crtn.o
                0x000000002001c000                _estack = (ORIGIN (RAM) + LENGTH (RAM))
                0x0000000000000200                _Min_Heap_Size = 0x200
                0x0000000000000400                _Min_Stack_Size = 0x400

.isr_vector     0x0000000008000000      0x1d8
                0x0000000008000000                . = ALIGN (0x4)
 *(.isr_vector)
 .isr_vector    0x0000000008000000      0x1d8 ./Core/Startup/startup_stm32g491ceux.o
                0x0000000008000000                g_pfnVectors
                0x00000000080001d8                . = ALIGN (0x4)

.text           0x00000000080001e0     0xa824
                0x00000000080001e0                . = ALIGN (0x4)
 *(.text)
 .text          0x00000000080001e0       0x40 C:/ST/STM32CubeIDE_1.19.0/STM32CubeIDE/plugins/com.st.stm32cube.ide.mcu.externaltools.gnu-tools-for-stm32.10.3-2021.10.win32_1.2.0.202410251133/tools/bin/../lib/gcc/arm-none-eabi/10.3.1/thumb/v7e-m+fp/hard/crtbegin.o
 .text          0x0000000008000220       0xa0 C:/ST/STM32CubeIDE_1.19.0/STM32CubeIDE/plugins/com.st.stm32cube.ide.mcu.externaltools.gnu-tools-for-stm32.10.3-2021.10.win32_1.2.0.202410251133/tools/bin/../lib/gcc/arm-none-eabi/10.3.1/../../../../arm-none-eabi/lib/thumb/v7e-m+fp/hard\libc_nano.a(lib_a-memchr.o)
                0x0000000008000220                memchr
 .text          0x00000000080002c0      0x378 C:/ST/STM32CubeIDE_1.19.0/STM32CubeIDE/plugins/com.st.stm32cube.ide.mcu.externaltools.gnu-tools-for-stm32.10.3-2021.10.win32_1.2.0.202410251133/tools/bin/../lib/gcc/arm-none-eabi/10.3.1/thumb/v7e-m+fp/hard\libgcc.a(_arm_addsubdf3.o)
                0x00000000080002c0                __aeabi_drsub
                0x00000000080002c8                __aeabi_dsub
                0x00000000080002c8                __subdf3
                0x00000000080002cc                __aeabi_dadd
                0x00000000080002cc                __adddf3
                0x0000000008000544                __floatunsidf
                0x0000000008000544                __aeabi_ui2d
                0x0000000008000564                __floatsidf
                0x0000000008000564                __aeabi_i2d
                0x0000000008000588                __aeabi_f2d
                0x0000000008000588                __extendsfdf2
                0x00000000080005cc                __floatundidf
                0x00000000080005cc                __aeabi_ul2d
                0x00000000080005dc                __floatdidf
                0x00000000080005dc                __aeabi_l2d
 .text          0x0000000008000638       0x50 C:/ST/STM32CubeIDE_1.19.0/STM32CubeIDE/plugins/com.st.stm32cube.ide.mcu.externaltools.gnu-tools-for-stm32.10.3-2021.10.win32_1.2.0.202410251133/tools/bin/../lib/gcc/arm-none-eabi/10.3.1/thumb/v7e-m+fp/hard\libgcc.a(_arm_fixdfsi.o)
                0x0000000008000638                __aeabi_d2iz
                0x0000000008000638                __fixdfsi
 .text          0x0000000008000688       0x30 C:/ST/STM32CubeIDE_1.19.0/STM32CubeIDE/plugins/com.st.stm32cube.ide.mcu.externaltools.gnu-tools-for-stm32.10.3-2021.10.win32_1.2.0.202410251133/tools/bin/../lib/gcc/arm-none-eabi/10.3.1/thumb/v7e-m+fp/hard\libgcc.a(_aeabi_uldivmod.o)
                0x0000000008000688                __aeabi_uldivmod
 .text          0x00000000080006b8      0x2d0 C:/ST/STM32CubeIDE_1.19.0/STM32CubeIDE/plugins/com.st.stm32cube.ide.mcu.externaltools.gnu-tools-for-stm32.10.3-2021.10.win32_1.2.0.202410251133/tools/bin/../lib/gcc/arm-none-eabi/10.3.1/thumb/v7e-m+fp/hard\libgcc.a(_udivmoddi4.o)
                0x00000000080006b8                __udivmoddi4
 .text          0x0000000008000988        0x4 C:/ST/STM32CubeIDE_1.19.0/STM32CubeIDE/plugins/com.st.stm32cube.ide.mcu.externaltools.gnu-tools-for-stm32.10.3-2021.10.win32_1.2.0.202410251133/tools/bin/../lib/gcc/arm-none-eabi/10.3.1/thumb/v7e-m+fp/hard\libgcc.a(_dvmd_tls.o)
                0x0000000008000988                __aeabi_idiv0
                0x0000000008000988                __aeabi_ldiv0
 *(.text*)
 .text.BNO080_receivePacket.part.0
                0x000000000800098c      0x10c ./Core/Src/BNO080.o
 .text.BNO080_sendPacket.constprop.1
                0x0000000008000a98      0x104 ./Core/Src/BNO080.o
 .text.BNO080_sendPacket.constprop.2.isra.0
                0x0000000008000b9c      0x10c ./Core/Src/BNO080.o
 .text.BNO080_Initialization
                0x0000000008000ca8      0x170 ./Core/Src/BNO080.o
                0x0000000008000ca8                BNO080_Initialization
 .text.BNO080_parseInputReport
                0x0000000008000e18      0x220 ./Core/Src/BNO080.o
                0x0000000008000e18                BNO080_parseInputReport
 .text.BNO080_dataAvailable
                0x0000000008001038       0x9c ./Core/Src/BNO080.o
                0x0000000008001038                BNO080_dataAvailable
 .text.BNO080_getQuatI
                0x00000000080010d4       0x34 ./Core/Src/BNO080.o
                0x00000000080010d4                BNO080_getQuatI
 .text.BNO080_getQuatJ
                0x0000000008001108       0x34 ./Core/Src/BNO080.o
                0x0000000008001108                BNO080_getQuatJ
 .text.BNO080_getQuatK
                0x000000000800113c       0x34 ./Core/Src/BNO080.o
                0x000000000800113c                BNO080_getQuatK
 .text.BNO080_getQuatReal
                0x0000000008001170       0x34 ./Core/Src/BNO080.o
                0x0000000008001170                BNO080_getQuatReal
 .text.BNO080_getQuatRadianAccuracy
                0x00000000080011a4       0x34 ./Core/Src/BNO080.o
                0x00000000080011a4                BNO080_getQuatRadianAccuracy
 .text.BNO080_enableRotationVector
                0x00000000080011d8       0x2c ./Core/Src/BNO080.o
                0x00000000080011d8                BNO080_enableRotationVector
 .text._ZN11ForceSensorC2Ev
                0x0000000008001204        0x8 ./Core/Src/ForceSensor.o
                0x0000000008001204                ForceSensor::ForceSensor()
                0x0000000008001204                ForceSensor::ForceSensor()
 .text._ZN11ForceSensor10InitializeEv
                0x000000000800120c      0x3a0 ./Core/Src/ForceSensor.o
                0x000000000800120c                ForceSensor::Initialize()
 .text._ZN11ForceSensor6SampleEv
                0x00000000080015ac      0x17c ./Core/Src/ForceSensor.o
                0x00000000080015ac                ForceSensor::Sample()
 .text._ZN11ForceSensor9CalibrateEv
                0x0000000008001728       0xf0 ./Core/Src/ForceSensor.o
                0x0000000008001728                ForceSensor::Calibrate()
 .text.Quaternion_Update
                0x0000000008001818      0x134 ./Core/Src/Quaternion.o
                0x0000000008001818                Quaternion_Update
 .text.MX_FDCAN2_Init
                0x000000000800194c       0x50 ./Core/Src/fdcan.o
                0x000000000800194c                MX_FDCAN2_Init
 *fill*         0x000000000800199c        0x4 
 .text.HAL_FDCAN_MspInit
                0x00000000080019a0       0xa4 ./Core/Src/fdcan.o
                0x00000000080019a0                HAL_FDCAN_MspInit
 .text._Z14pack_all_replyPhPK11nn_output_t
                0x0000000008001a44      0x178 ./Core/Src/fingertip.o
                0x0000000008001a44                pack_all_reply(unsigned char*, nn_output_t const*)
 .text.fingertip_main
                0x0000000008001bbc      0x2a8 ./Core/Src/fingertip.o
                0x0000000008001bbc                fingertip_main
 .text.startup._GLOBAL__sub_I_pressure_raw
                0x0000000008001e64        0xc ./Core/Src/fingertip.o
 .text.MX_GPIO_Init
                0x0000000008001e70       0xe0 ./Core/Src/gpio.o
                0x0000000008001e70                MX_GPIO_Init
 .text.MX_I2C1_Init
                0x0000000008001f50       0x70 ./Core/Src/i2c.o
                0x0000000008001f50                MX_I2C1_Init
 .text.HAL_I2C_MspInit
                0x0000000008001fc0       0x94 ./Core/Src/i2c.o
                0x0000000008001fc0                HAL_I2C_MspInit
 .text.dense.constprop.0
                0x0000000008002054      0x434 ./Core/Src/kaist_net.o
 .text.nn_forward_raw
                0x0000000008002488      0x9d4 ./Core/Src/kaist_net.o
                0x0000000008002488                nn_forward_raw
 .text.nn_push  0x0000000008002e5c       0x60 ./Core/Src/kaist_net.o
                0x0000000008002e5c                nn_push
 .text.nn_infer
                0x0000000008002ebc       0xc0 ./Core/Src/kaist_net.o
                0x0000000008002ebc                nn_infer
 .text.nn_selftest
                0x0000000008002f7c      0x178 ./Core/Src/kaist_net_selftest.o
                0x0000000008002f7c                nn_selftest
 *fill*         0x00000000080030f4        0x4 
 .text.SystemClock_Config
                0x00000000080030f8       0x88 ./Core/Src/main.o
                0x00000000080030f8                SystemClock_Config
 .text.startup.main
                0x0000000008003180       0x58 ./Core/Src/main.o
                0x0000000008003180                main
 .text.Error_Handler
                0x00000000080031d8        0x4 ./Core/Src/main.o
                0x00000000080031d8                Error_Handler
 .text.read_prom_word
                0x00000000080031dc       0x48 ./Core/Src/ms5849.o
 .text.ms5849_start_press_conversion
                0x0000000008003224       0x14 ./Core/Src/ms5849.o
                0x0000000008003224                ms5849_start_press_conversion
 .text.ms5849_start_temp_conversion
                0x0000000008003238       0x14 ./Core/Src/ms5849.o
                0x0000000008003238                ms5849_start_temp_conversion
 .text.ms5849_read_press_raw
                0x000000000800324c       0x3c ./Core/Src/ms5849.o
                0x000000000800324c                ms5849_read_press_raw
 .text.ms5849_read_temp_raw
                0x0000000008003288       0x3c ./Core/Src/ms5849.o
                0x0000000008003288                ms5849_read_temp_raw
 .text.ms5849_compensate
                0x00000000080032c4       0xc8 ./Core/Src/ms5849.o
                0x00000000080032c4                ms5849_compensate
 .text.ms5849_check_calib
                0x000000000800338c       0xbc ./Core/Src/ms5849.o
                0x000000000800338c                ms5849_check_calib
 .text.ms5849_init
                0x0000000008003448      0x198 ./Core/Src/ms5849.o
                0x0000000008003448                ms5849_init
 .text.ms5849_write_config
                0x00000000080035e0       0x58 ./Core/Src/ms5849.o
                0x00000000080035e0                ms5849_write_config
 .text._Z8writeLowh
                0x0000000008003638       0x84 ./Core/Src/ms5849_funcs.o
                0x0000000008003638                writeLow(unsigned char)
 .text._Z9writeHighh
                0x00000000080036bc       0x84 ./Core/Src/ms5849_funcs.o
                0x00000000080036bc                writeHigh(unsigned char)
 .text._Z16ms5849_spi1_readhhPht
                0x0000000008003740      0x22c ./Core/Src/ms5849_funcs.o
                0x0000000008003740                ms5849_spi1_read(unsigned char, unsigned char, unsigned char*, unsigned short)
 .text._Z17ms5849_spi1_writehhPht
                0x000000000800396c       0x6c ./Core/Src/ms5849_funcs.o
                0x000000000800396c                ms5849_spi1_write(unsigned char, unsigned char, unsigned char*, unsigned short)
 .text._Z15ms5849_delay_msm
                0x00000000080039d8        0x4 ./Core/Src/ms5849_funcs.o
                0x00000000080039d8                ms5849_delay_ms(unsigned long)
 .text.__io_putchar
                0x00000000080039dc       0x20 ./Core/Src/printing.o
                0x00000000080039dc                __io_putchar
 .text._ZL11CUSTOM_Initv
                0x00000000080039fc        0x4 ./Core/Src/sensor_interface.o
 .text._ZL15Init_One_Sensorit
                0x0000000008003a00       0xc0 ./Core/Src/sensor_interface.o
 .text._ZL14CUSTOM_GetTickv
                0x0000000008003ac0        0x4 ./Core/Src/sensor_interface.o
 .text._ZL18CUSTOM_I2C_ReadRegtPht
                0x0000000008003ac4       0x20 ./Core/Src/sensor_interface.o
 .text._ZL19CUSTOM_I2C_WriteRegtPht
                0x0000000008003ae4       0x20 ./Core/Src/sensor_interface.o
 .text._ZL13CUSTOM_DeInitv
                0x0000000008003b04        0x4 ./Core/Src/sensor_interface.o
 .text.TOF_Init
                0x0000000008003b08       0x68 ./Core/Src/sensor_interface.o
                0x0000000008003b08                TOF_Init
 .text.MX_SPI1_Init
                0x0000000008003b70       0x4c ./Core/Src/spi.o
                0x0000000008003b70                MX_SPI1_Init
 .text.MX_SPI3_Init
                0x0000000008003bbc       0x50 ./Core/Src/spi.o
                0x0000000008003bbc                MX_SPI3_Init
 *fill*         0x0000000008003c0c        0x4 
 .text.HAL_SPI_MspInit
                0x0000000008003c10       0xf8 ./Core/Src/spi.o
                0x0000000008003c10                HAL_SPI_MspInit
 .text.HAL_MspInit
                0x0000000008003d08       0x34 ./Core/Src/stm32g4xx_hal_msp.o
                0x0000000008003d08                HAL_MspInit
 .text.NMI_Handler
                0x0000000008003d3c        0x4 ./Core/Src/stm32g4xx_it.o
                0x0000000008003d3c                NMI_Handler
 .text.HardFault_Handler
                0x0000000008003d40        0x4 ./Core/Src/stm32g4xx_it.o
                0x0000000008003d40                HardFault_Handler
 .text.MemManage_Handler
                0x0000000008003d44        0x4 ./Core/Src/stm32g4xx_it.o
                0x0000000008003d44                MemManage_Handler
 .text.BusFault_Handler
                0x0000000008003d48        0x4 ./Core/Src/stm32g4xx_it.o
                0x0000000008003d48                BusFault_Handler
 .text.UsageFault_Handler
                0x0000000008003d4c        0x4 ./Core/Src/stm32g4xx_it.o
                0x0000000008003d4c                UsageFault_Handler
 .text.SVC_Handler
                0x0000000008003d50        0x4 ./Core/Src/stm32g4xx_it.o
                0x0000000008003d50                SVC_Handler
 .text.DebugMon_Handler
                0x0000000008003d54        0x4 ./Core/Src/stm32g4xx_it.o
                0x0000000008003d54                DebugMon_Handler
 .text.PendSV_Handler
                0x0000000008003d58        0x4 ./Core/Src/stm32g4xx_it.o
                0x0000000008003d58                PendSV_Handler
 .text.SysTick_Handler
                0x0000000008003d5c        0x4 ./Core/Src/stm32g4xx_it.o
                0x0000000008003d5c                SysTick_Handler
 .text.TIM2_IRQHandler
                0x0000000008003d60        0xc ./Core/Src/stm32g4xx_it.o
                0x0000000008003d60                TIM2_IRQHandler
 .text.TIM3_IRQHandler
                0x0000000008003d6c        0xc ./Core/Src/stm32g4xx_it.o
                0x0000000008003d6c                TIM3_IRQHandler
 .text.USART1_IRQHandler
                0x0000000008003d78        0xc ./Core/Src/stm32g4xx_it.o
                0x0000000008003d78                USART1_IRQHandler
 .text.DMA1_Channel1_IRQHandler
                0x0000000008003d84        0xc ./Core/Src/stm32g4xx_it.o
                0x0000000008003d84                DMA1_Channel1_IRQHandler
 .text._read    0x0000000008003d90       0x1c ./Core/Src/syscalls.o
                0x0000000008003d90                _read
 .text._write   0x0000000008003dac       0x1c ./Core/Src/syscalls.o
                0x0000000008003dac                _write
 .text._close   0x0000000008003dc8        0x8 ./Core/Src/syscalls.o
                0x0000000008003dc8                _close
 .text._fstat   0x0000000008003dd0        0xc ./Core/Src/syscalls.o
                0x0000000008003dd0                _fstat
 .text._isatty  0x0000000008003ddc        0x4 ./Core/Src/syscalls.o
                0x0000000008003ddc                _isatty
 .text._lseek   0x0000000008003de0        0x4 ./Core/Src/syscalls.o
                0x0000000008003de0                _lseek
 .text._sbrk    0x0000000008003de4       0x44 ./Core/Src/sysmem.o
                0x0000000008003de4                _sbrk
 .text.SystemInit
                0x0000000008003e28       0x1c ./Core/Src/system_stm32g4xx.o
                0x0000000008003e28                SystemInit
 .text.MX_TIM2_Init
                0x0000000008003e44       0x74 ./Core/Src/tim.o
                0x0000000008003e44                MX_TIM2_Init
 .text.MX_TIM3_Init
                0x0000000008003eb8       0x74 ./Core/Src/tim.o
                0x0000000008003eb8                MX_TIM3_Init
 .text.MX_TIM15_Init
                0x0000000008003f2c       0x78 ./Core/Src/tim.o
                0x0000000008003f2c                MX_TIM15_Init
 .text.HAL_TIM_Base_MspInit
                0x0000000008003fa4       0x9c ./Core/Src/tim.o
                0x0000000008003fa4                HAL_TIM_Base_MspInit
 .text.HAL_TIM_PeriodElapsedCallback
                0x0000000008004040       0x18 ./Core/Src/tim.o
                0x0000000008004040                HAL_TIM_PeriodElapsedCallback
 .text.MX_USART1_UART_Init
                0x0000000008004058       0x88 ./Core/Src/usart.o
                0x0000000008004058                MX_USART1_UART_Init
 .text.HAL_UART_MspInit
                0x00000000080040e0       0x98 ./Core/Src/usart.o
                0x00000000080040e0                HAL_UART_MspInit
 .text.Reset_Handler
                0x0000000008004178       0x50 ./Core/Startup/startup_stm32g491ceux.o
                0x0000000008004178                Reset_Handler
 .text.Default_Handler
                0x00000000080041c8        0x2 ./Core/Startup/startup_stm32g491ceux.o
                0x00000000080041c8                RTC_Alarm_IRQHandler
                0x00000000080041c8                EXTI2_IRQHandler
                0x00000000080041c8                TIM8_TRG_COM_IRQHandler
                0x00000000080041c8                TIM8_CC_IRQHandler
                0x00000000080041c8                TIM1_CC_IRQHandler
                0x00000000080041c8                USB_HP_IRQHandler
                0x00000000080041c8                CORDIC_IRQHandler
                0x00000000080041c8                DMA2_Channel8_IRQHandler
                0x00000000080041c8                EXTI3_IRQHandler
                0x00000000080041c8                I2C3_ER_IRQHandler
                0x00000000080041c8                EXTI0_IRQHandler
                0x00000000080041c8                I2C2_EV_IRQHandler
                0x00000000080041c8                FPU_IRQHandler
                0x00000000080041c8                FDCAN1_IT1_IRQHandler
                0x00000000080041c8                TIM1_UP_TIM16_IRQHandler
                0x00000000080041c8                ADC1_2_IRQHandler
                0x00000000080041c8                SPI1_IRQHandler
                0x00000000080041c8                TIM6_DAC_IRQHandler
                0x00000000080041c8                TIM8_UP_IRQHandler
                0x00000000080041c8                DMA2_Channel2_IRQHandler
                0x00000000080041c8                DMA1_Channel4_IRQHandler
                0x00000000080041c8                TIM20_TRG_COM_IRQHandler
                0x00000000080041c8                USART3_IRQHandler
                0x00000000080041c8                DMA1_Channel7_IRQHandler
                0x00000000080041c8                UART5_IRQHandler
                0x00000000080041c8                ADC3_IRQHandler
                0x00000000080041c8                TIM4_IRQHandler
                0x00000000080041c8                DMA2_Channel1_IRQHandler
                0x00000000080041c8                QUADSPI_IRQHandler
                0x00000000080041c8                I2C1_EV_IRQHandler
                0x00000000080041c8                DMA1_Channel6_IRQHandler
                0x00000000080041c8                UART4_IRQHandler
                0x00000000080041c8                DMA2_Channel4_IRQHandler
                0x00000000080041c8                RCC_IRQHandler
                0x00000000080041c8                TIM20_UP_IRQHandler
                0x00000000080041c8                Default_Handler
                0x00000000080041c8                DMA2_Channel7_IRQHandler
                0x00000000080041c8                RTC_TAMP_LSECSS_IRQHandler
                0x00000000080041c8                FMAC_IRQHandler
                0x00000000080041c8                EXTI15_10_IRQHandler
                0x00000000080041c8                DMA1_Channel8_IRQHandler
                0x00000000080041c8                TIM7_IRQHandler
                0x00000000080041c8                UCPD1_IRQHandler
                0x00000000080041c8                I2C3_EV_IRQHandler
                0x00000000080041c8                EXTI9_5_IRQHandler
                0x00000000080041c8                RTC_WKUP_IRQHandler
                0x00000000080041c8                PVD_PVM_IRQHandler
                0x00000000080041c8                SPI2_IRQHandler
                0x00000000080041c8                DMA2_Channel5_IRQHandler
                0x00000000080041c8                CRS_IRQHandler
                0x00000000080041c8                DMA1_Channel5_IRQHandler
                0x00000000080041c8                USB_LP_IRQHandler
                0x00000000080041c8                EXTI4_IRQHandler
                0x00000000080041c8                RNG_IRQHandler
                0x00000000080041c8                TIM1_TRG_COM_TIM17_IRQHandler
                0x00000000080041c8                FDCAN2_IT1_IRQHandler
                0x00000000080041c8                DMA1_Channel3_IRQHandler
                0x00000000080041c8                WWDG_IRQHandler
                0x00000000080041c8                FDCAN2_IT0_IRQHandler
                0x00000000080041c8                LPUART1_IRQHandler
                0x00000000080041c8                DMA2_Channel6_IRQHandler
                0x00000000080041c8                FDCAN1_IT0_IRQHandler
                0x00000000080041c8                COMP1_2_3_IRQHandler
                0x00000000080041c8                EXTI1_IRQHandler
                0x00000000080041c8                USART2_IRQHandler
                0x00000000080041c8                TIM20_BRK_IRQHandler
                0x00000000080041c8                I2C2_ER_IRQHandler
                0x00000000080041c8                DMA1_Channel2_IRQHandler
                0x00000000080041c8                TIM8_BRK_IRQHandler
                0x00000000080041c8                FLASH_IRQHandler
                0x00000000080041c8                TIM20_CC_IRQHandler
                0x00000000080041c8                SPI3_IRQHandler
                0x00000000080041c8                I2C1_ER_IRQHandler
                0x00000000080041c8                LPTIM1_IRQHandler
                0x00000000080041c8                DMAMUX_OVR_IRQHandler
                0x00000000080041c8                USBWakeUp_IRQHandler
                0x00000000080041c8                SAI1_IRQHandler
                0x00000000080041c8                DMA2_Channel3_IRQHandler
                0x00000000080041c8                COMP4_IRQHandler
                0x00000000080041c8                TIM1_BRK_TIM15_IRQHandler
 *fill*         0x00000000080041ca        0x2 
 .text.HAL_InitTick
                0x00000000080041cc       0x4c ./Drivers/STM32G4xx_HAL_Driver/Src/stm32g4xx_hal.o
                0x00000000080041cc                HAL_InitTick
 .text.HAL_Init
                0x0000000008004218       0x30 ./Drivers/STM32G4xx_HAL_Driver/Src/stm32g4xx_hal.o
                0x0000000008004218                HAL_Init
 .text.HAL_IncTick
                0x0000000008004248       0x18 ./Drivers/STM32G4xx_HAL_Driver/Src/stm32g4xx_hal.o
                0x0000000008004248                HAL_IncTick
 .text.HAL_GetTick
                0x0000000008004260        0xc ./Drivers/STM32G4xx_HAL_Driver/Src/stm32g4xx_hal.o
                0x0000000008004260                HAL_GetTick
 .text.HAL_Delay
                0x000000000800426c       0x24 ./Drivers/STM32G4xx_HAL_Driver/Src/stm32g4xx_hal.o
                0x000000000800426c                HAL_Delay
 .text.HAL_NVIC_SetPriorityGrouping
                0x0000000008004290       0x24 ./Drivers/STM32G4xx_HAL_Driver/Src/stm32g4xx_hal_cortex.o
                0x0000000008004290                HAL_NVIC_SetPriorityGrouping
 .text.HAL_NVIC_SetPriority
                0x00000000080042b4       0x7c ./Drivers/STM32G4xx_HAL_Driver/Src/stm32g4xx_hal_cortex.o
                0x00000000080042b4                HAL_NVIC_SetPriority
 .text.HAL_NVIC_EnableIRQ
                0x0000000008004330       0x1c ./Drivers/STM32G4xx_HAL_Driver/Src/stm32g4xx_hal_cortex.o
                0x0000000008004330                HAL_NVIC_EnableIRQ
 .text.HAL_SYSTICK_Config
                0x000000000800434c       0x34 ./Drivers/STM32G4xx_HAL_Driver/Src/stm32g4xx_hal_cortex.o
                0x000000000800434c                HAL_SYSTICK_Config
 .text.HAL_DMA_Abort
                0x0000000008004380       0x74 ./Drivers/STM32G4xx_HAL_Driver/Src/stm32g4xx_hal_dma.o
                0x0000000008004380                HAL_DMA_Abort
 .text.HAL_DMA_Abort_IT
                0x00000000080043f4       0x7c ./Drivers/STM32G4xx_HAL_Driver/Src/stm32g4xx_hal_dma.o
                0x00000000080043f4                HAL_DMA_Abort_IT
 .text.HAL_DMA_IRQHandler
                0x0000000008004470       0x9c ./Drivers/STM32G4xx_HAL_Driver/Src/stm32g4xx_hal_dma.o
                0x0000000008004470                HAL_DMA_IRQHandler
 .text.HAL_FDCAN_Init
                0x000000000800450c      0x2b8 ./Drivers/STM32G4xx_HAL_Driver/Src/stm32g4xx_hal_fdcan.o
                0x000000000800450c                HAL_FDCAN_Init
 .text.HAL_FDCAN_ConfigFilter
                0x00000000080047c4       0x64 ./Drivers/STM32G4xx_HAL_Driver/Src/stm32g4xx_hal_fdcan.o
                0x00000000080047c4                HAL_FDCAN_ConfigFilter
 .text.HAL_FDCAN_Start
                0x0000000008004828       0x30 ./Drivers/STM32G4xx_HAL_Driver/Src/stm32g4xx_hal_fdcan.o
                0x0000000008004828                HAL_FDCAN_Start
 .text.HAL_FDCAN_AddMessageToTxFifoQ
                0x0000000008004858       0xd0 ./Drivers/STM32G4xx_HAL_Driver/Src/stm32g4xx_hal_fdcan.o
                0x0000000008004858                HAL_FDCAN_AddMessageToTxFifoQ
 .text.HAL_FDCAN_GetTxFifoFreeLevel
                0x0000000008004928        0xc ./Drivers/STM32G4xx_HAL_Driver/Src/stm32g4xx_hal_fdcan.o
                0x0000000008004928                HAL_FDCAN_GetTxFifoFreeLevel
 .text.HAL_FDCAN_ActivateNotification
                0x0000000008004934       0xe8 ./Drivers/STM32G4xx_HAL_Driver/Src/stm32g4xx_hal_fdcan.o
                0x0000000008004934                HAL_FDCAN_ActivateNotification
 .text.HAL_GPIO_Init
                0x0000000008004a1c      0x1f0 ./Drivers/STM32G4xx_HAL_Driver/Src/stm32g4xx_hal_gpio.o
                0x0000000008004a1c                HAL_GPIO_Init
 .text.HAL_GPIO_ReadPin
                0x0000000008004c0c        0xc ./Drivers/STM32G4xx_HAL_Driver/Src/stm32g4xx_hal_gpio.o
                0x0000000008004c0c                HAL_GPIO_ReadPin
 .text.HAL_GPIO_WritePin
                0x0000000008004c18        0xc ./Drivers/STM32G4xx_HAL_Driver/Src/stm32g4xx_hal_gpio.o
                0x0000000008004c18                HAL_GPIO_WritePin
 .text.I2C_WaitOnFlagUntilTimeout.constprop.0
                0x0000000008004c24      0x148 ./Drivers/STM32G4xx_HAL_Driver/Src/stm32g4xx_hal_i2c.o
 .text.I2C_WaitOnFlagUntilTimeout
                0x0000000008004d6c      0x184 ./Drivers/STM32G4xx_HAL_Driver/Src/stm32g4xx_hal_i2c.o
 .text.I2C_WaitOnSTOPFlagUntilTimeout
                0x0000000008004ef0      0x170 ./Drivers/STM32G4xx_HAL_Driver/Src/stm32g4xx_hal_i2c.o
 .text.I2C_WaitOnRXNEFlagUntilTimeout
                0x0000000008005060      0x1b4 ./Drivers/STM32G4xx_HAL_Driver/Src/stm32g4xx_hal_i2c.o
 .text.HAL_I2C_Init
                0x0000000008005214       0xb4 ./Drivers/STM32G4xx_HAL_Driver/Src/stm32g4xx_hal_i2c.o
                0x0000000008005214                HAL_I2C_Init
 .text.HAL_I2C_Master_Transmit
                0x00000000080052c8      0x304 ./Drivers/STM32G4xx_HAL_Driver/Src/stm32g4xx_hal_i2c.o
                0x00000000080052c8                HAL_I2C_Master_Transmit
 .text.HAL_I2C_Master_Receive
                0x00000000080055cc      0x190 ./Drivers/STM32G4xx_HAL_Driver/Src/stm32g4xx_hal_i2c.o
                0x00000000080055cc                HAL_I2C_Master_Receive
 .text.HAL_I2CEx_ConfigAnalogFilter
                0x000000000800575c       0x54 ./Drivers/STM32G4xx_HAL_Driver/Src/stm32g4xx_hal_i2c_ex.o
                0x000000000800575c                HAL_I2CEx_ConfigAnalogFilter
 .text.HAL_I2CEx_ConfigDigitalFilter
                0x00000000080057b0       0x58 ./Drivers/STM32G4xx_HAL_Driver/Src/stm32g4xx_hal_i2c_ex.o
                0x00000000080057b0                HAL_I2CEx_ConfigDigitalFilter
 .text.HAL_PWREx_ControlVoltageScaling
                0x0000000008005808       0xfc ./Drivers/STM32G4xx_HAL_Driver/Src/stm32g4xx_hal_pwr_ex.o
                0x0000000008005808                HAL_PWREx_ControlVoltageScaling
 .text.HAL_PWREx_DisableUCPDDeadBattery
                0x0000000008005904       0x10 ./Drivers/STM32G4xx_HAL_Driver/Src/stm32g4xx_hal_pwr_ex.o
                0x0000000008005904                HAL_PWREx_DisableUCPDDeadBattery
 .text.HAL_RCC_OscConfig
                0x0000000008005914      0x498 ./Drivers/STM32G4xx_HAL_Driver/Src/stm32g4xx_hal_rcc.o
                0x0000000008005914                HAL_RCC_OscConfig
 .text.HAL_RCC_GetSysClockFreq
                0x0000000008005dac       0x70 ./Drivers/STM32G4xx_HAL_Driver/Src/stm32g4xx_hal_rcc.o
                0x0000000008005dac                HAL_RCC_GetSysClockFreq
 .text.HAL_RCC_ClockConfig
                0x0000000008005e1c      0x224 ./Drivers/STM32G4xx_HAL_Driver/Src/stm32g4xx_hal_rcc.o
                0x0000000008005e1c                HAL_RCC_ClockConfig
 .text.HAL_RCC_GetPCLK1Freq
                0x0000000008006040       0x24 ./Drivers/STM32G4xx_HAL_Driver/Src/stm32g4xx_hal_rcc.o
                0x0000000008006040                HAL_RCC_GetPCLK1Freq
 .text.HAL_RCC_GetPCLK2Freq
                0x0000000008006064       0x24 ./Drivers/STM32G4xx_HAL_Driver/Src/stm32g4xx_hal_rcc.o
                0x0000000008006064                HAL_RCC_GetPCLK2Freq
 .text.HAL_RCCEx_PeriphCLKConfig
                0x0000000008006088      0x2fc ./Drivers/STM32G4xx_HAL_Driver/Src/stm32g4xx_hal_rcc_ex.o
                0x0000000008006088                HAL_RCCEx_PeriphCLKConfig
 .text.SPI_WaitFifoStateUntilTimeout.constprop.0
                0x0000000008006384       0xec ./Drivers/STM32G4xx_HAL_Driver/Src/stm32g4xx_hal_spi.o
 .text.SPI_EndRxTxTransaction
                0x0000000008006470      0x140 ./Drivers/STM32G4xx_HAL_Driver/Src/stm32g4xx_hal_spi.o
 .text.HAL_SPI_Init
                0x00000000080065b0       0xfc ./Drivers/STM32G4xx_HAL_Driver/Src/stm32g4xx_hal_spi.o
                0x00000000080065b0                HAL_SPI_Init
 .text.HAL_SPI_Transmit
                0x00000000080066ac      0x2c8 ./Drivers/STM32G4xx_HAL_Driver/Src/stm32g4xx_hal_spi.o
                0x00000000080066ac                HAL_SPI_Transmit
 .text.HAL_SPI_TransmitReceive
                0x0000000008006974      0x334 ./Drivers/STM32G4xx_HAL_Driver/Src/stm32g4xx_hal_spi.o
                0x0000000008006974                HAL_SPI_TransmitReceive
 .text.HAL_SPI_Receive
                0x0000000008006ca8      0x35c ./Drivers/STM32G4xx_HAL_Driver/Src/stm32g4xx_hal_spi.o
                0x0000000008006ca8                HAL_SPI_Receive
 .text.HAL_TIM_Base_Init
                0x0000000008007004      0x13c ./Drivers/STM32G4xx_HAL_Driver/Src/stm32g4xx_hal_tim.o
                0x0000000008007004                HAL_TIM_Base_Init
 .text.HAL_TIM_Base_Start
                0x0000000008007140       0x70 ./Drivers/STM32G4xx_HAL_Driver/Src/stm32g4xx_hal_tim.o
                0x0000000008007140                HAL_TIM_Base_Start
 .text.HAL_TIM_Base_Start_IT
                0x00000000080071b0       0x7c ./Drivers/STM32G4xx_HAL_Driver/Src/stm32g4xx_hal_tim.o
                0x00000000080071b0                HAL_TIM_Base_Start_IT
 .text.HAL_TIM_ConfigClockSource
                0x000000000800722c      0x1a8 ./Drivers/STM32G4xx_HAL_Driver/Src/stm32g4xx_hal_tim.o
                0x000000000800722c                HAL_TIM_ConfigClockSource
 .text.HAL_TIM_OC_DelayElapsedCallback
                0x00000000080073d4        0x4 ./Drivers/STM32G4xx_HAL_Driver/Src/stm32g4xx_hal_tim.o
                0x00000000080073d4                HAL_TIM_OC_DelayElapsedCallback
 .text.HAL_TIM_IC_CaptureCallback
                0x00000000080073d8        0x4 ./Drivers/STM32G4xx_HAL_Driver/Src/stm32g4xx_hal_tim.o
                0x00000000080073d8                HAL_TIM_IC_CaptureCallback
 .text.HAL_TIM_PWM_PulseFinishedCallback
                0x00000000080073dc        0x4 ./Drivers/STM32G4xx_HAL_Driver/Src/stm32g4xx_hal_tim.o
                0x00000000080073dc                HAL_TIM_PWM_PulseFinishedCallback
 .text.HAL_TIM_TriggerCallback
                0x00000000080073e0        0x4 ./Drivers/STM32G4xx_HAL_Driver/Src/stm32g4xx_hal_tim.o
                0x00000000080073e0                HAL_TIM_TriggerCallback
 .text.HAL_TIM_IRQHandler
                0x00000000080073e4      0x1c4 ./Drivers/STM32G4xx_HAL_Driver/Src/stm32g4xx_hal_tim.o
                0x00000000080073e4                HAL_TIM_IRQHandler
 .text.HAL_TIMEx_MasterConfigSynchronization
                0x00000000080075a8       0xb0 ./Drivers/STM32G4xx_HAL_Driver/Src/stm32g4xx_hal_tim_ex.o
                0x00000000080075a8                HAL_TIMEx_MasterConfigSynchronization
 .text.HAL_TIMEx_CommutCallback
                0x0000000008007658        0x4 ./Drivers/STM32G4xx_HAL_Driver/Src/stm32g4xx_hal_tim_ex.o
                0x0000000008007658                HAL_TIMEx_CommutCallback
 .text.HAL_TIMEx_BreakCallback
                0x000000000800765c        0x4 ./Drivers/STM32G4xx_HAL_Driver/Src/stm32g4xx_hal_tim_ex.o
                0x000000000800765c                HAL_TIMEx_BreakCallback
 .text.HAL_TIMEx_Break2Callback
                0x0000000008007660        0x4 ./Drivers/STM32G4xx_HAL_Driver/Src/stm32g4xx_hal_tim_ex.o
                0x0000000008007660                HAL_TIMEx_Break2Callback
 .text.HAL_TIMEx_EncoderIndexCallback
                0x0000000008007664        0x4 ./Drivers/STM32G4xx_HAL_Driver/Src/stm32g4xx_hal_tim_ex.o
                0x0000000008007664                HAL_TIMEx_EncoderIndexCallback
 .text.HAL_TIMEx_DirectionChangeCallback
                0x0000000008007668        0x4 ./Drivers/STM32G4xx_HAL_Driver/Src/stm32g4xx_hal_tim_ex.o
                0x0000000008007668                HAL_TIMEx_DirectionChangeCallback
 .text.HAL_TIMEx_IndexErrorCallback
                0x000000000800766c        0x4 ./Drivers/STM32G4xx_HAL_Driver/Src/stm32g4xx_hal_tim_ex.o
                0x000000000800766c                HAL_TIMEx_IndexErrorCallback
 .text.HAL_TIMEx_TransitionErrorCallback
                0x0000000008007670        0x4 ./Drivers/STM32G4xx_HAL_Driver/Src/stm32g4xx_hal_tim_ex.o
                0x0000000008007670                HAL_TIMEx_TransitionErrorCallback
 .text.HAL_UART_Transmit
                0x0000000008007674       0xe8 ./Drivers/STM32G4xx_HAL_Driver/Src/stm32g4xx_hal_uart.o
                0x0000000008007674                HAL_UART_Transmit
 .text.HAL_UART_TxCpltCallback
                0x000000000800775c        0x4 ./Drivers/STM32G4xx_HAL_Driver/Src/stm32g4xx_hal_uart.o
                0x000000000800775c                HAL_UART_TxCpltCallback
 .text.HAL_UART_ErrorCallback
                0x0000000008007760        0x4 ./Drivers/STM32G4xx_HAL_Driver/Src/stm32g4xx_hal_uart.o
                0x0000000008007760                HAL_UART_ErrorCallback
 .text.UART_DMAAbortOnError
                0x0000000008007764       0x10 ./Drivers/STM32G4xx_HAL_Driver/Src/stm32g4xx_hal_uart.o
 .text.HAL_UARTEx_RxEventCallback
                0x0000000008007774        0x4 ./Drivers/STM32G4xx_HAL_Driver/Src/stm32g4xx_hal_uart.o
                0x0000000008007774                HAL_UARTEx_RxEventCallback
 .text.HAL_UART_IRQHandler
                0x0000000008007778      0x390 ./Drivers/STM32G4xx_HAL_Driver/Src/stm32g4xx_hal_uart.o
                0x0000000008007778                HAL_UART_IRQHandler
 .text.UART_SetConfig
                0x0000000008007b08      0x318 ./Drivers/STM32G4xx_HAL_Driver/Src/stm32g4xx_hal_uart.o
                0x0000000008007b08                UART_SetConfig
 .text.UART_AdvFeatureConfig
                0x0000000008007e20       0xb0 ./Drivers/STM32G4xx_HAL_Driver/Src/stm32g4xx_hal_uart.o
                0x0000000008007e20                UART_AdvFeatureConfig
 .text.UART_CheckIdleState
                0x0000000008007ed0      0x260 ./Drivers/STM32G4xx_HAL_Driver/Src/stm32g4xx_hal_uart.o
                0x0000000008007ed0                UART_CheckIdleState
 .text.HAL_UART_Init
                0x0000000008008130       0x68 ./Drivers/STM32G4xx_HAL_Driver/Src/stm32g4xx_hal_uart.o
                0x0000000008008130                HAL_UART_Init
 .text.HAL_UARTEx_WakeupCallback
                0x0000000008008198        0x4 ./Drivers/STM32G4xx_HAL_Driver/Src/stm32g4xx_hal_uart_ex.o
                0x0000000008008198                HAL_UARTEx_WakeupCallback
 .text.HAL_UARTEx_RxFifoFullCallback
                0x000000000800819c        0x4 ./Drivers/STM32G4xx_HAL_Driver/Src/stm32g4xx_hal_uart_ex.o
                0x000000000800819c                HAL_UARTEx_RxFifoFullCallback
 .text.HAL_UARTEx_TxFifoEmptyCallback
                0x00000000080081a0        0x4 ./Drivers/STM32G4xx_HAL_Driver/Src/stm32g4xx_hal_uart_ex.o
                0x00000000080081a0                HAL_UARTEx_TxFifoEmptyCallback
 .text.HAL_UARTEx_DisableFifoMode
                0x00000000080081a4       0x3c ./Drivers/STM32G4xx_HAL_Driver/Src/stm32g4xx_hal_uart_ex.o
                0x00000000080081a4                HAL_UARTEx_DisableFifoMode
 .text.HAL_UARTEx_SetTxFifoThreshold
                0x00000000080081e0       0x84 ./Drivers/STM32G4xx_HAL_Driver/Src/stm32g4xx_hal_uart_ex.o
                0x00000000080081e0                HAL_UARTEx_SetTxFifoThreshold
 .text.HAL_UARTEx_SetRxFifoThreshold
                0x0000000008008264       0x84 ./Drivers/STM32G4xx_HAL_Driver/Src/stm32g4xx_hal_uart_ex.o
                0x0000000008008264                HAL_UARTEx_SetRxFifoThreshold
 .text.VL53L4CD_SetI2CAddress
                0x00000000080082e8        0x8 ./Drivers/vl53l4cd/modules/vl53l4cd_api.o
                0x00000000080082e8                VL53L4CD_SetI2CAddress
 .text.VL53L4CD_ClearInterrupt
                0x00000000080082f0        0x8 ./Drivers/vl53l4cd/modules/vl53l4cd_api.o
                0x00000000080082f0                VL53L4CD_ClearInterrupt
 .text.VL53L4CD_StartRanging
                0x00000000080082f8       0x2c ./Drivers/vl53l4cd/modules/vl53l4cd_api.o
                0x00000000080082f8                VL53L4CD_StartRanging
 .text.VL53L4CD_CheckForDataReady
                0x0000000008008324       0x4c ./Drivers/vl53l4cd/modules/vl53l4cd_api.o
                0x0000000008008324                VL53L4CD_CheckForDataReady
 .text.VL53L4CD_SetRangeTiming
                0x0000000008008370      0x158 ./Drivers/vl53l4cd/modules/vl53l4cd_api.o
                0x0000000008008370                VL53L4CD_SetRangeTiming
 .text.VL53L4CD_SensorInit
                0x00000000080084c8      0x150 ./Drivers/vl53l4cd/modules/vl53l4cd_api.o
                0x00000000080084c8                VL53L4CD_SensorInit
 .text.VL53L4CD_GetResult
                0x0000000008008618       0xd4 ./Drivers/vl53l4cd/modules/vl53l4cd_api.o
                0x0000000008008618                VL53L4CD_GetResult
 .text.VL53L4CD_WrByte
                0x00000000080086ec       0x1c ./Drivers/vl53l4cd/porting/platform.o
                0x00000000080086ec                VL53L4CD_WrByte
 .text.VL53L4CD_WrWord
                0x0000000008008708       0x20 ./Drivers/vl53l4cd/porting/platform.o
                0x0000000008008708                VL53L4CD_WrWord
 .text.VL53L4CD_WrDWord
                0x0000000008008728       0x28 ./Drivers/vl53l4cd/porting/platform.o
                0x0000000008008728                VL53L4CD_WrDWord
 .text.VL53L4CD_RdByte
                0x0000000008008750       0x2c ./Drivers/vl53l4cd/porting/platform.o
                0x0000000008008750                VL53L4CD_RdByte
 .text.VL53L4CD_RdWord
                0x000000000800877c       0x38 ./Drivers/vl53l4cd/porting/platform.o
                0x000000000800877c                VL53L4CD_RdWord
 .text.VL53L4CD_RdDWord
                0x00000000080087b4       0x44 ./Drivers/vl53l4cd/porting/platform.o
                0x00000000080087b4                VL53L4CD_RdDWord
 .text.VL53L4CD_WaitMs
                0x00000000080087f8       0x1c ./Drivers/vl53l4cd/porting/platform.o
                0x00000000080087f8                VL53L4CD_WaitMs
 .text.VL53L4CD_Init
                0x0000000008008814       0x24 ./Drivers/vl53l4cd/vl53l4cd.o
                0x0000000008008814                VL53L4CD_Init
 .text.VL53L4CD_ReadID
                0x0000000008008838       0x34 ./Drivers/vl53l4cd/vl53l4cd.o
                0x0000000008008838                VL53L4CD_ReadID
 .text.VL53L4CD_ConfigProfile
                0x000000000800886c       0x54 ./Drivers/vl53l4cd/vl53l4cd.o
                0x000000000800886c                VL53L4CD_ConfigProfile
 .text.VL53L4CD_Start
                0x00000000080088c0       0x58 ./Drivers/vl53l4cd/vl53l4cd.o
                0x00000000080088c0                VL53L4CD_Start
 .text.VL53L4CD_SetAddress
                0x0000000008008918       0x2c ./Drivers/vl53l4cd/vl53l4cd.o
                0x0000000008008918                VL53L4CD_SetAddress
 .text.VL53L4CD_GetDistance
                0x0000000008008944       0xe8 ./Drivers/vl53l4cd/vl53l4cd.o
                0x0000000008008944                VL53L4CD_GetDistance
 .text.VL53L4CD_RegisterBusIO
                0x0000000008008a2c       0x34 ./Drivers/vl53l4cd/vl53l4cd.o
                0x0000000008008a2c                VL53L4CD_RegisterBusIO
 .text.lroundf  0x0000000008008a60       0x58 C:/ST/STM32CubeIDE_1.19.0/STM32CubeIDE/plugins/com.st.stm32cube.ide.mcu.externaltools.gnu-tools-for-stm32.10.3-2021.10.win32_1.2.0.202410251133/tools/bin/../lib/gcc/arm-none-eabi/10.3.1/../../../../arm-none-eabi/lib/thumb/v7e-m+fp/hard\libm.a(lib_a-sf_lround.o)
                0x0000000008008a60                lroundf
 .text.asinf    0x0000000008008ab8       0x58 C:/ST/STM32CubeIDE_1.19.0/STM32CubeIDE/plugins/com.st.stm32cube.ide.mcu.externaltools.gnu-tools-for-stm32.10.3-2021.10.win32_1.2.0.202410251133/tools/bin/../lib/gcc/arm-none-eabi/10.3.1/../../../../arm-none-eabi/lib/thumb/v7e-m+fp/hard\libm.a(lib_a-wf_asin.o)
                0x0000000008008ab8                asinf
 .text.atan2f   0x0000000008008b10        0x4 C:/ST/STM32CubeIDE_1.19.0/STM32CubeIDE/plugins/com.st.stm32cube.ide.mcu.externaltools.gnu-tools-for-stm32.10.3-2021.10.win32_1.2.0.202410251133/tools/bin/../lib/gcc/arm-none-eabi/10.3.1/../../../../arm-none-eabi/lib/thumb/v7e-m+fp/hard\libm.a(lib_a-wf_atan2.o)
                0x0000000008008b10                atan2f
 .text.expf     0x0000000008008b14       0x6c C:/ST/STM32CubeIDE_1.19.0/STM32CubeIDE/plugins/com.st.stm32cube.ide.mcu.externaltools.gnu-tools-for-stm32.10.3-2021.10.win32_1.2.0.202410251133/tools/bin/../lib/gcc/arm-none-eabi/10.3.1/../../../../arm-none-eabi/lib/thumb/v7e-m+fp/hard\libm.a(lib_a-wf_exp.o)
                0x0000000008008b14                expf
 .text.powf     0x0000000008008b80       0xae C:/ST/STM32CubeIDE_1.19.0/STM32CubeIDE/plugins/com.st.stm32cube.ide.mcu.externaltools.gnu-tools-for-stm32.10.3-2021.10.win32_1.2.0.202410251133/tools/bin/../lib/gcc/arm-none-eabi/10.3.1/../../../../arm-none-eabi/lib/thumb/v7e-m+fp/hard\libm.a(lib_a-wf_pow.o)
                0x0000000008008b80                powf
 *fill*         0x0000000008008c2e        0x2 
 .text.__ieee754_asinf
                0x0000000008008c30      0x1cc C:/ST/STM32CubeIDE_1.19.0/STM32CubeIDE/plugins/com.st.stm32cube.ide.mcu.externaltools.gnu-tools-for-stm32.10.3-2021.10.win32_1.2.0.202410251133/tools/bin/../lib/gcc/arm-none-eabi/10.3.1/../../../../arm-none-eabi/lib/thumb/v7e-m+fp/hard\libm.a(lib_a-ef_asin.o)
                0x0000000008008c30                __ieee754_asinf
 .text.__ieee754_atan2f
                0x0000000008008dfc      0x140 C:/ST/STM32CubeIDE_1.19.0/STM32CubeIDE/plugins/com.st.stm32cube.ide.mcu.externaltools.gnu-tools-for-stm32.10.3-2021.10.win32_1.2.0.202410251133/tools/bin/../lib/gcc/arm-none-eabi/10.3.1/../../../../arm-none-eabi/lib/thumb/v7e-m+fp/hard\libm.a(lib_a-ef_atan2.o)
                0x0000000008008dfc                __ieee754_atan2f
 .text.__ieee754_expf
                0x0000000008008f3c      0x19c C:/ST/STM32CubeIDE_1.19.0/STM32CubeIDE/plugins/com.st.stm32cube.ide.mcu.externaltools.gnu-tools-for-stm32.10.3-2021.10.win32_1.2.0.202410251133/tools/bin/../lib/gcc/arm-none-eabi/10.3.1/../../../../arm-none-eabi/lib/thumb/v7e-m+fp/hard\libm.a(lib_a-ef_exp.o)
                0x0000000008008f3c                __ieee754_expf
 .text.__ieee754_powf
                0x00000000080090d8      0x59c C:/ST/STM32CubeIDE_1.19.0/STM32CubeIDE/plugins/com.st.stm32cube.ide.mcu.externaltools.gnu-tools-for-stm32.10.3-2021.10.win32_1.2.0.202410251133/tools/bin/../lib/gcc/arm-none-eabi/10.3.1/../../../../arm-none-eabi/lib/thumb/v7e-m+fp/hard\libm.a(lib_a-ef_pow.o)
                0x00000000080090d8                __ieee754_powf
 .text.__ieee754_sqrtf
                0x0000000008009674        0x6 C:/ST/STM32CubeIDE_1.19.0/STM32CubeIDE/plugins/com.st.stm32cube.ide.mcu.externaltools.gnu-tools-for-stm32.10.3-2021.10.win32_1.2.0.202410251133/tools/bin/../lib/gcc/arm-none-eabi/10.3.1/../../../../arm-none-eabi/lib/thumb/v7e-m+fp/hard\libm.a(lib_a-ef_sqrt.o)
                0x0000000008009674                __ieee754_sqrtf
 .text.with_errnof
                0x000000000800967a       0x16 C:/ST/STM32CubeIDE_1.19.0/STM32CubeIDE/plugins/com.st.stm32cube.ide.mcu.externaltools.gnu-tools-for-stm32.10.3-2021.10.win32_1.2.0.202410251133/tools/bin/../lib/gcc/arm-none-eabi/10.3.1/../../../../arm-none-eabi/lib/thumb/v7e-m+fp/hard\libm.a(lib_a-math_errf.o)
 .text.xflowf   0x0000000008009690       0x16 C:/ST/STM32CubeIDE_1.19.0/STM32CubeIDE/plugins/com.st.stm32cube.ide.mcu.externaltools.gnu-tools-for-stm32.10.3-2021.10.win32_1.2.0.202410251133/tools/bin/../lib/gcc/arm-none-eabi/10.3.1/../../../../arm-none-eabi/lib/thumb/v7e-m+fp/hard\libm.a(lib_a-math_errf.o)
 *fill*         0x00000000080096a6        0x2 
 .text.__math_uflowf
                0x00000000080096a8        0xc C:/ST/STM32CubeIDE_1.19.0/STM32CubeIDE/plugins/com.st.stm32cube.ide.mcu.externaltools.gnu-tools-for-stm32.10.3-2021.10.win32_1.2.0.202410251133/tools/bin/../lib/gcc/arm-none-eabi/10.3.1/../../../../arm-none-eabi/lib/thumb/v7e-m+fp/hard\libm.a(lib_a-math_errf.o)
                0x00000000080096a8                __math_uflowf
 .text.__math_oflowf
                0x00000000080096b4        0xc C:/ST/STM32CubeIDE_1.19.0/STM32CubeIDE/plugins/com.st.stm32cube.ide.mcu.externaltools.gnu-tools-for-stm32.10.3-2021.10.win32_1.2.0.202410251133/tools/bin/../lib/gcc/arm-none-eabi/10.3.1/../../../../arm-none-eabi/lib/thumb/v7e-m+fp/hard\libm.a(lib_a-math_errf.o)
                0x00000000080096b4                __math_oflowf
 .text.atanf    0x00000000080096c0      0x1a8 C:/ST/STM32CubeIDE_1.19.0/STM32CubeIDE/plugins/com.st.stm32cube.ide.mcu.externaltools.gnu-tools-for-stm32.10.3-2021.10.win32_1.2.0.202410251133/tools/bin/../lib/gcc/arm-none-eabi/10.3.1/../../../../arm-none-eabi/lib/thumb/v7e-m+fp/hard\libm.a(lib_a-sf_atan.o)
                0x00000000080096c0                atanf
 .text.fabsf    0x0000000008009868        0xe C:/ST/STM32CubeIDE_1.19.0/STM32CubeIDE/plugins/com.st.stm32cube.ide.mcu.externaltools.gnu-tools-for-stm32.10.3-2021.10.win32_1.2.0.202410251133/tools/bin/../lib/gcc/arm-none-eabi/10.3.1/../../../../arm-none-eabi/lib/thumb/v7e-m+fp/hard\libm.a(lib_a-sf_fabs.o)
                0x0000000008009868                fabsf
 .text.finitef  0x0000000008009876       0x1a C:/ST/STM32CubeIDE_1.19.0/STM32CubeIDE/plugins/com.st.stm32cube.ide.mcu.externaltools.gnu-tools-for-stm32.10.3-2021.10.win32_1.2.0.202410251133/tools/bin/../lib/gcc/arm-none-eabi/10.3.1/../../../../arm-none-eabi/lib/thumb/v7e-m+fp/hard\libm.a(lib_a-sf_finite.o)
                0x0000000008009876                finitef
 .text.nanf     0x0000000008009890        0xc C:/ST/STM32CubeIDE_1.19.0/STM32CubeIDE/plugins/com.st.stm32cube.ide.mcu.externaltools.gnu-tools-for-stm32.10.3-2021.10.win32_1.2.0.202410251133/tools/bin/../lib/gcc/arm-none-eabi/10.3.1/../../../../arm-none-eabi/lib/thumb/v7e-m+fp/hard\libm.a(lib_a-sf_nan.o)
                0x0000000008009890                nanf
 .text.scalbnf  0x000000000800989c       0xe4 C:/ST/STM32CubeIDE_1.19.0/STM32CubeIDE/plugins/com.st.stm32cube.ide.mcu.externaltools.gnu-tools-for-stm32.10.3-2021.10.win32_1.2.0.202410251133/tools/bin/../lib/gcc/arm-none-eabi/10.3.1/../../../../arm-none-eabi/lib/thumb/v7e-m+fp/hard\libm.a(lib_a-sf_scalbn.o)
                0x000000000800989c                scalbnf
 .text.__errno  0x0000000008009980        0xc C:/ST/STM32CubeIDE_1.19.0/STM32CubeIDE/plugins/com.st.stm32cube.ide.mcu.externaltools.gnu-tools-for-stm32.10.3-2021.10.win32_1.2.0.202410251133/tools/bin/../lib/gcc/arm-none-eabi/10.3.1/../../../../arm-none-eabi/lib/thumb/v7e-m+fp/hard\libc_nano.a(lib_a-errno.o)
                0x0000000008009980                __errno
 .text.__libc_init_array
                0x000000000800998c       0x48 C:/ST/STM32CubeIDE_1.19.0/STM32CubeIDE/plugins/com.st.stm32cube.ide.mcu.externaltools.gnu-tools-for-stm32.10.3-2021.10.win32_1.2.0.202410251133/tools/bin/../lib/gcc/arm-none-eabi/10.3.1/../../../../arm-none-eabi/lib/thumb/v7e-m+fp/hard\libc_nano.a(lib_a-init.o)
                0x000000000800998c                __libc_init_array
 .text.memset   0x00000000080099d4       0x10 C:/ST/STM32CubeIDE_1.19.0/STM32CubeIDE/plugins/com.st.stm32cube.ide.mcu.externaltools.gnu-tools-for-stm32.10.3-2021.10.win32_1.2.0.202410251133/tools/bin/../lib/gcc/arm-none-eabi/10.3.1/../../../../arm-none-eabi/lib/thumb/v7e-m+fp/hard\libc_nano.a(lib_a-memset.o)
                0x00000000080099d4                memset
 .text.printf   0x00000000080099e4       0x30 C:/ST/STM32CubeIDE_1.19.0/STM32CubeIDE/plugins/com.st.stm32cube.ide.mcu.externaltools.gnu-tools-for-stm32.10.3-2021.10.win32_1.2.0.202410251133/tools/bin/../lib/gcc/arm-none-eabi/10.3.1/../../../../arm-none-eabi/lib/thumb/v7e-m+fp/hard\libc_nano.a(lib_a-printf.o)
                0x00000000080099e4                iprintf
                0x00000000080099e4                printf
 .text._puts_r  0x0000000008009a14       0xdc C:/ST/STM32CubeIDE_1.19.0/STM32CubeIDE/plugins/com.st.stm32cube.ide.mcu.externaltools.gnu-tools-for-stm32.10.3-2021.10.win32_1.2.0.202410251133/tools/bin/../lib/gcc/arm-none-eabi/10.3.1/../../../../arm-none-eabi/lib/thumb/v7e-m+fp/hard\libc_nano.a(lib_a-puts.o)
                0x0000000008009a14                _puts_r
 .text.puts     0x0000000008009af0       0x10 C:/ST/STM32CubeIDE_1.19.0/STM32CubeIDE/plugins/com.st.stm32cube.ide.mcu.externaltools.gnu-tools-for-stm32.10.3-2021.10.win32_1.2.0.202410251133/tools/bin/../lib/gcc/arm-none-eabi/10.3.1/../../../../arm-none-eabi/lib/thumb/v7e-m+fp/hard\libc_nano.a(lib_a-puts.o)
                0x0000000008009af0                puts
 .text.__swbuf_r
                0x0000000008009b00       0xa4 C:/ST/STM32CubeIDE_1.19.0/STM32CubeIDE/plugins/com.st.stm32cube.ide.mcu.externaltools.gnu-tools-for-stm32.10.3-2021.10.win32_1.2.0.202410251133/tools/bin/../lib/gcc/arm-none-eabi/10.3.1/../../../../arm-none-eabi/lib/thumb/v7e-m+fp/hard\libc_nano.a(lib_a-wbuf.o)
                0x0000000008009b00                __swbuf_r
 .text.__swsetup_r
                0x0000000008009ba4       0xdc C:/ST/STM32CubeIDE_1.19.0/STM32CubeIDE/plugins/com.st.stm32cube.ide.mcu.externaltools.gnu-tools-for-stm32.10.3-2021.10.win32_1.2.0.202410251133/tools/bin/../lib/gcc/arm-none-eabi/10.3.1/../../../../arm-none-eabi/lib/thumb/v7e-m+fp/hard\libc_nano.a(lib_a-wsetup.o)
                0x0000000008009ba4                __swsetup_r
 .text.__sflush_r
                0x0000000008009c80      0x10c C:/ST/STM32CubeIDE_1.19.0/STM32CubeIDE/plugins/com.st.stm32cube.ide.mcu.externaltools.gnu-tools-for-stm32.10.3-2021.10.win32_1.2.0.202410251133/tools/bin/../lib/gcc/arm-none-eabi/10.3.1/../../../../arm-none-eabi/lib/thumb/v7e-m+fp/hard\libc_nano.a(lib_a-fflush.o)
                0x0000000008009c80                __sflush_r
 .text._fflush_r
                0x0000000008009d8c       0x78 C:/ST/STM32CubeIDE_1.19.0/STM32CubeIDE/plugins/com.st.stm32cube.ide.mcu.externaltools.gnu-tools-for-stm32.10.3-2021.10.win32_1.2.0.202410251133/tools/bin/../lib/gcc/arm-none-eabi/10.3.1/../../../../arm-none-eabi/lib/thumb/v7e-m+fp/hard\libc_nano.a(lib_a-fflush.o)
                0x0000000008009d8c                _fflush_r
 .text.std      0x0000000008009e04       0x48 C:/ST/STM32CubeIDE_1.19.0/STM32CubeIDE/plugins/com.st.stm32cube.ide.mcu.externaltools.gnu-tools-for-stm32.10.3-2021.10.win32_1.2.0.202410251133/tools/bin/../lib/gcc/arm-none-eabi/10.3.1/../../../../arm-none-eabi/lib/thumb/v7e-m+fp/hard\libc_nano.a(lib_a-findfp.o)
 .text._cleanup_r
                0x0000000008009e4c        0xc C:/ST/STM32CubeIDE_1.19.0/STM32CubeIDE/plugins/com.st.stm32cube.ide.mcu.externaltools.gnu-tools-for-stm32.10.3-2021.10.win32_1.2.0.202410251133/tools/bin/../lib/gcc/arm-none-eabi/10.3.1/../../../../arm-none-eabi/lib/thumb/v7e-m+fp/hard\libc_nano.a(lib_a-findfp.o)
                0x0000000008009e4c                _cleanup_r
 .text.__sfmoreglue
                0x0000000008009e58       0x2c C:/ST/STM32CubeIDE_1.19.0/STM32CubeIDE/plugins/com.st.stm32cube.ide.mcu.externaltools.gnu-tools-for-stm32.10.3-2021.10.win32_1.2.0.202410251133/tools/bin/../lib/gcc/arm-none-eabi/10.3.1/../../../../arm-none-eabi/lib/thumb/v7e-m+fp/hard\libc_nano.a(lib_a-findfp.o)
                0x0000000008009e58                __sfmoreglue
 .text.__sfp_lock_acquire
                0x0000000008009e84        0xc C:/ST/STM32CubeIDE_1.19.0/STM32CubeIDE/plugins/com.st.stm32cube.ide.mcu.externaltools.gnu-tools-for-stm32.10.3-2021.10.win32_1.2.0.202410251133/tools/bin/../lib/gcc/arm-none-eabi/10.3.1/../../../../arm-none-eabi/lib/thumb/v7e-m+fp/hard\libc_nano.a(lib_a-findfp.o)
                0x0000000008009e84                __sfp_lock_acquire
 .text.__sfp_lock_release
                0x0000000008009e90        0xc C:/ST/STM32CubeIDE_1.19.0/STM32CubeIDE/plugins/com.st.stm32cube.ide.mcu.externaltools.gnu-tools-for-stm32.10.3-2021.10.win32_1.2.0.202410251133/tools/bin/../lib/gcc/arm-none-eabi/10.3.1/../../../../arm-none-eabi/lib/thumb/v7e-m+fp/hard\libc_nano.a(lib_a-findfp.o)
                0x0000000008009e90                __sfp_lock_release
 .text.__sinit_lock_acquire
                0x0000000008009e9c        0xc C:/ST/STM32CubeIDE_1.19.0/STM32CubeIDE/plugins/com.st.stm32cube.ide.mcu.externaltools.gnu-tools-for-stm32.10.3-2021.10.win32_1.2.0.202410251133/tools/bin/../lib/gcc/arm-none-eabi/10.3.1/../../../../arm-none-eabi/lib/thumb/v7e-m+fp/hard\libc_nano.a(lib_a-findfp.o)
                0x0000000008009e9c                __sinit_lock_acquire
 .text.__sinit_lock_release
                0x0000000008009ea8        0xc C:/ST/STM32CubeIDE_1.19.0/STM32CubeIDE/plugins/com.st.stm32cube.ide.mcu.externaltools.gnu-tools-for-stm32.10.3-2021.10.win32_1.2.0.202410251133/tools/bin/../lib/gcc/arm-none-eabi/10.3.1/../../../../arm-none-eabi/lib/thumb/v7e-m+fp/hard\libc_nano.a(lib_a-findfp.o)
                0x0000000008009ea8                __sinit_lock_release
 .text.__sinit  0x0000000008009eb4       0x70 C:/ST/STM32CubeIDE_1.19.0/STM32CubeIDE/plugins/com.st.stm32cube.ide.mcu.externaltools.gnu-tools-for-stm32.10.3-2021.10.win32_1.2.0.202410251133/tools/bin/../lib/gcc/arm-none-eabi/10.3.1/../../../../arm-none-eabi/lib/thumb/v7e-m+fp/hard\libc_nano.a(lib_a-findfp.o)
                0x0000000008009eb4                __sinit
 .text.__sfp    0x0000000008009f24       0x8c C:/ST/STM32CubeIDE_1.19.0/STM32CubeIDE/plugins/com.st.stm32cube.ide.mcu.externaltools.gnu-tools-for-stm32.10.3-2021.10.win32_1.2.0.202410251133/tools/bin/../lib/gcc/arm-none-eabi/10.3.1/../../../../arm-none-eabi/lib/thumb/v7e-m+fp/hard\libc_nano.a(lib_a-findfp.o)
                0x0000000008009f24                __sfp
 .text._fwalk_reent
                0x0000000008009fb0       0x3e C:/ST/STM32CubeIDE_1.19.0/STM32CubeIDE/plugins/com.st.stm32cube.ide.mcu.externaltools.gnu-tools-for-stm32.10.3-2021.10.win32_1.2.0.202410251133/tools/bin/../lib/gcc/arm-none-eabi/10.3.1/../../../../arm-none-eabi/lib/thumb/v7e-m+fp/hard\libc_nano.a(lib_a-fwalk.o)
                0x0000000008009fb0                _fwalk_reent
 .text.__retarget_lock_init_recursive
                0x0000000008009fee        0x2 C:/ST/STM32CubeIDE_1.19.0/STM32CubeIDE/plugins/com.st.stm32cube.ide.mcu.externaltools.gnu-tools-for-stm32.10.3-2021.10.win32_1.2.0.202410251133/tools/bin/../lib/gcc/arm-none-eabi/10.3.1/../../../../arm-none-eabi/lib/thumb/v7e-m+fp/hard\libc_nano.a(lib_a-lock.o)
                0x0000000008009fee                __retarget_lock_init_recursive
 .text.__retarget_lock_acquire_recursive
                0x0000000008009ff0        0x2 C:/ST/STM32CubeIDE_1.19.0/STM32CubeIDE/plugins/com.st.stm32cube.ide.mcu.externaltools.gnu-tools-for-stm32.10.3-2021.10.win32_1.2.0.202410251133/tools/bin/../lib/gcc/arm-none-eabi/10.3.1/../../../../arm-none-eabi/lib/thumb/v7e-m+fp/hard\libc_nano.a(lib_a-lock.o)
                0x0000000008009ff0                __retarget_lock_acquire_recursive
 .text.__retarget_lock_release_recursive
                0x0000000008009ff2        0x2 C:/ST/STM32CubeIDE_1.19.0/STM32CubeIDE/plugins/com.st.stm32cube.ide.mcu.externaltools.gnu-tools-for-stm32.10.3-2021.10.win32_1.2.0.202410251133/tools/bin/../lib/gcc/arm-none-eabi/10.3.1/../../../../arm-none-eabi/lib/thumb/v7e-m+fp/hard\libc_nano.a(lib_a-lock.o)
                0x0000000008009ff2                __retarget_lock_release_recursive
 .text.__swhatbuf_r
                0x0000000008009ff4       0x4a C:/ST/STM32CubeIDE_1.19.0/STM32CubeIDE/plugins/com.st.stm32cube.ide.mcu.externaltools.gnu-tools-for-stm32.10.3-2021.10.win32_1.2.0.202410251133/tools/bin/../lib/gcc/arm-none-eabi/10.3.1/../../../../arm-none-eabi/lib/thumb/v7e-m+fp/hard\libc_nano.a(lib_a-makebuf.o)
                0x0000000008009ff4                __swhatbuf_r
 *fill*         0x000000000800a03e        0x2 
 .text.__smakebuf_r
                0x000000000800a040       0x80 C:/ST/STM32CubeIDE_1.19.0/STM32CubeIDE/plugins/com.st.stm32cube.ide.mcu.externaltools.gnu-tools-for-stm32.10.3-2021.10.win32_1.2.0.202410251133/tools/bin/../lib/gcc/arm-none-eabi/10.3.1/../../../../arm-none-eabi/lib/thumb/v7e-m+fp/hard\libc_nano.a(lib_a-makebuf.o)
                0x000000000800a040                __smakebuf_r
 .text._free_r  0x000000000800a0c0       0x98 C:/ST/STM32CubeIDE_1.19.0/STM32CubeIDE/plugins/com.st.stm32cube.ide.mcu.externaltools.gnu-tools-for-stm32.10.3-2021.10.win32_1.2.0.202410251133/tools/bin/../lib/gcc/arm-none-eabi/10.3.1/../../../../arm-none-eabi/lib/thumb/v7e-m+fp/hard\libc_nano.a(lib_a-nano-freer.o)
                0x000000000800a0c0                _free_r
 .text.sbrk_aligned
                0x000000000800a158       0x40 C:/ST/STM32CubeIDE_1.19.0/STM32CubeIDE/plugins/com.st.stm32cube.ide.mcu.externaltools.gnu-tools-for-stm32.10.3-2021.10.win32_1.2.0.202410251133/tools/bin/../lib/gcc/arm-none-eabi/10.3.1/../../../../arm-none-eabi/lib/thumb/v7e-m+fp/hard\libc_nano.a(lib_a-nano-mallocr.o)
 .text._malloc_r
                0x000000000800a198       0xe8 C:/ST/STM32CubeIDE_1.19.0/STM32CubeIDE/plugins/com.st.stm32cube.ide.mcu.externaltools.gnu-tools-for-stm32.10.3-2021.10.win32_1.2.0.202410251133/tools/bin/../lib/gcc/arm-none-eabi/10.3.1/../../../../arm-none-eabi/lib/thumb/v7e-m+fp/hard\libc_nano.a(lib_a-nano-mallocr.o)
                0x000000000800a198                _malloc_r
 .text.__sfputc_r
                0x000000000800a280       0x2e C:/ST/STM32CubeIDE_1.19.0/STM32CubeIDE/plugins/com.st.stm32cube.ide.mcu.externaltools.gnu-tools-for-stm32.10.3-2021.10.win32_1.2.0.202410251133/tools/bin/../lib/gcc/arm-none-eabi/10.3.1/../../../../arm-none-eabi/lib/thumb/v7e-m+fp/hard\libc_nano.a(lib_a-nano-vfprintf.o)
 .text.__sfputs_r
                0x000000000800a2ae       0x24 C:/ST/STM32CubeIDE_1.19.0/STM32CubeIDE/plugins/com.st.stm32cube.ide.mcu.externaltools.gnu-tools-for-stm32.10.3-2021.10.win32_1.2.0.202410251133/tools/bin/../lib/gcc/arm-none-eabi/10.3.1/../../../../arm-none-eabi/lib/thumb/v7e-m+fp/hard\libc_nano.a(lib_a-nano-vfprintf.o)
                0x000000000800a2ae                __sfputs_r
 *fill*         0x000000000800a2d2        0x2 
 .text._vfprintf_r
                0x000000000800a2d4      0x260 C:/ST/STM32CubeIDE_1.19.0/STM32CubeIDE/plugins/com.st.stm32cube.ide.mcu.externaltools.gnu-tools-for-stm32.10.3-2021.10.win32_1.2.0.202410251133/tools/bin/../lib/gcc/arm-none-eabi/10.3.1/../../../../arm-none-eabi/lib/thumb/v7e-m+fp/hard\libc_nano.a(lib_a-nano-vfprintf.o)
                0x000000000800a2d4                _vfprintf_r
                0x000000000800a2d4                _vfiprintf_r
 .text._printf_common
                0x000000000800a534       0xda C:/ST/STM32CubeIDE_1.19.0/STM32CubeIDE/plugins/com.st.stm32cube.ide.mcu.externaltools.gnu-tools-for-stm32.10.3-2021.10.win32_1.2.0.202410251133/tools/bin/../lib/gcc/arm-none-eabi/10.3.1/../../../../arm-none-eabi/lib/thumb/v7e-m+fp/hard\libc_nano.a(lib_a-nano-vfprintf_i.o)
                0x000000000800a534                _printf_common
 *fill*         0x000000000800a60e        0x2 
 .text._printf_i
                0x000000000800a610      0x24c C:/ST/STM32CubeIDE_1.19.0/STM32CubeIDE/plugins/com.st.stm32cube.ide.mcu.externaltools.gnu-tools-for-stm32.10.3-2021.10.win32_1.2.0.202410251133/tools/bin/../lib/gcc/arm-none-eabi/10.3.1/../../../../arm-none-eabi/lib/thumb/v7e-m+fp/hard\libc_nano.a(lib_a-nano-vfprintf_i.o)
                0x000000000800a610                _printf_i
 .text._sbrk_r  0x000000000800a85c       0x20 C:/ST/STM32CubeIDE_1.19.0/STM32CubeIDE/plugins/com.st.stm32cube.ide.mcu.externaltools.gnu-tools-for-stm32.10.3-2021.10.win32_1.2.0.202410251133/tools/bin/../lib/gcc/arm-none-eabi/10.3.1/../../../../arm-none-eabi/lib/thumb/v7e-m+fp/hard\libc_nano.a(lib_a-sbrkr.o)
                0x000000000800a85c                _sbrk_r
 .text.__sread  0x000000000800a87c       0x22 C:/ST/STM32CubeIDE_1.19.0/STM32CubeIDE/plugins/com.st.stm32cube.ide.mcu.externaltools.gnu-tools-for-stm32.10.3-2021.10.win32_1.2.0.202410251133/tools/bin/../lib/gcc/arm-none-eabi/10.3.1/../../../../arm-none-eabi/lib/thumb/v7e-m+fp/hard\libc_nano.a(lib_a-stdio.o)
                0x000000000800a87c                __sread
 .text.__swrite
                0x000000000800a89e       0x38 C:/ST/STM32CubeIDE_1.19.0/STM32CubeIDE/plugins/com.st.stm32cube.ide.mcu.externaltools.gnu-tools-for-stm32.10.3-2021.10.win32_1.2.0.202410251133/tools/bin/../lib/gcc/arm-none-eabi/10.3.1/../../../../arm-none-eabi/lib/thumb/v7e-m+fp/hard\libc_nano.a(lib_a-stdio.o)
                0x000000000800a89e                __swrite
 .text.__sseek  0x000000000800a8d6       0x24 C:/ST/STM32CubeIDE_1.19.0/STM32CubeIDE/plugins/com.st.stm32cube.ide.mcu.externaltools.gnu-tools-for-stm32.10.3-2021.10.win32_1.2.0.202410251133/tools/bin/../lib/gcc/arm-none-eabi/10.3.1/../../../../arm-none-eabi/lib/thumb/v7e-m+fp/hard\libc_nano.a(lib_a-stdio.o)
                0x000000000800a8d6                __sseek
 .text.__sclose
                0x000000000800a8fa        0x8 C:/ST/STM32CubeIDE_1.19.0/STM32CubeIDE/plugins/com.st.stm32cube.ide.mcu.externaltools.gnu-tools-for-stm32.10.3-2021.10.win32_1.2.0.202410251133/tools/bin/../lib/gcc/arm-none-eabi/10.3.1/../../../../arm-none-eabi/lib/thumb/v7e-m+fp/hard\libc_nano.a(lib_a-stdio.o)
                0x000000000800a8fa                __sclose
 *fill*         0x000000000800a902        0x2 
 .text._write_r
                0x000000000800a904       0x24 C:/ST/STM32CubeIDE_1.19.0/STM32CubeIDE/plugins/com.st.stm32cube.ide.mcu.externaltools.gnu-tools-for-stm32.10.3-2021.10.win32_1.2.0.202410251133/tools/bin/../lib/gcc/arm-none-eabi/10.3.1/../../../../arm-none-eabi/lib/thumb/v7e-m+fp/hard\libc_nano.a(lib_a-writer.o)
                0x000000000800a904                _write_r
 .text._close_r
                0x000000000800a928       0x20 C:/ST/STM32CubeIDE_1.19.0/STM32CubeIDE/plugins/com.st.stm32cube.ide.mcu.externaltools.gnu-tools-for-stm32.10.3-2021.10.win32_1.2.0.202410251133/tools/bin/../lib/gcc/arm-none-eabi/10.3.1/../../../../arm-none-eabi/lib/thumb/v7e-m+fp/hard\libc_nano.a(lib_a-closer.o)
                0x000000000800a928                _close_r
 .text._fstat_r
                0x000000000800a948       0x24 C:/ST/STM32CubeIDE_1.19.0/STM32CubeIDE/plugins/com.st.stm32cube.ide.mcu.externaltools.gnu-tools-for-stm32.10.3-2021.10.win32_1.2.0.202410251133/tools/bin/../lib/gcc/arm-none-eabi/10.3.1/../../../../arm-none-eabi/lib/thumb/v7e-m+fp/hard\libc_nano.a(lib_a-fstatr.o)
                0x000000000800a948                _fstat_r
 .text._isatty_r
                0x000000000800a96c       0x20 C:/ST/STM32CubeIDE_1.19.0/STM32CubeIDE/plugins/com.st.stm32cube.ide.mcu.externaltools.gnu-tools-for-stm32.10.3-2021.10.win32_1.2.0.202410251133/tools/bin/../lib/gcc/arm-none-eabi/10.3.1/../../../../arm-none-eabi/lib/thumb/v7e-m+fp/hard\libc_nano.a(lib_a-isattyr.o)
                0x000000000800a96c                _isatty_r
 .text._lseek_r
                0x000000000800a98c       0x24 C:/ST/STM32CubeIDE_1.19.0/STM32CubeIDE/plugins/com.st.stm32cube.ide.mcu.externaltools.gnu-tools-for-stm32.10.3-2021.10.win32_1.2.0.202410251133/tools/bin/../lib/gcc/arm-none-eabi/10.3.1/../../../../arm-none-eabi/lib/thumb/v7e-m+fp/hard\libc_nano.a(lib_a-lseekr.o)
                0x000000000800a98c                _lseek_r
 .text.__malloc_lock
                0x000000000800a9b0        0xc C:/ST/STM32CubeIDE_1.19.0/STM32CubeIDE/plugins/com.st.stm32cube.ide.mcu.externaltools.gnu-tools-for-stm32.10.3-2021.10.win32_1.2.0.202410251133/tools/bin/../lib/gcc/arm-none-eabi/10.3.1/../../../../arm-none-eabi/lib/thumb/v7e-m+fp/hard\libc_nano.a(lib_a-mlock.o)
                0x000000000800a9b0                __malloc_lock
 .text.__malloc_unlock
                0x000000000800a9bc        0xc C:/ST/STM32CubeIDE_1.19.0/STM32CubeIDE/plugins/com.st.stm32cube.ide.mcu.externaltools.gnu-tools-for-stm32.10.3-2021.10.win32_1.2.0.202410251133/tools/bin/../lib/gcc/arm-none-eabi/10.3.1/../../../../arm-none-eabi/lib/thumb/v7e-m+fp/hard\libc_nano.a(lib_a-mlock.o)
                0x000000000800a9bc                __malloc_unlock
 .text._read_r  0x000000000800a9c8       0x24 C:/ST/STM32CubeIDE_1.19.0/STM32CubeIDE/plugins/com.st.stm32cube.ide.mcu.externaltools.gnu-tools-for-stm32.10.3-2021.10.win32_1.2.0.202410251133/tools/bin/../lib/gcc/arm-none-eabi/10.3.1/../../../../arm-none-eabi/lib/thumb/v7e-m+fp/hard\libc_nano.a(lib_a-readr.o)
                0x000000000800a9c8                _read_r
 *(.glue_7)
 .glue_7        0x000000000800a9ec        0x0 linker stubs
 *(.glue_7t)
 .glue_7t       0x000000000800a9ec        0x0 linker stubs
 *(.eh_frame)
 .eh_frame      0x000000000800a9ec        0x0 C:/ST/STM32CubeIDE_1.19.0/STM32CubeIDE/plugins/com.st.stm32cube.ide.mcu.externaltools.gnu-tools-for-stm32.10.3-2021.10.win32_1.2.0.202410251133/tools/bin/../lib/gcc/arm-none-eabi/10.3.1/thumb/v7e-m+fp/hard/crtbegin.o
 *(.init)
 .init          0x000000000800a9ec        0x4 C:/ST/STM32CubeIDE_1.19.0/STM32CubeIDE/plugins/com.st.stm32cube.ide.mcu.externaltools.gnu-tools-for-stm32.10.3-2021.10.win32_1.2.0.202410251133/tools/bin/../lib/gcc/arm-none-eabi/10.3.1/thumb/v7e-m+fp/hard/crti.o
                0x000000000800a9ec                _init
 .init          0x000000000800a9f0        0x8 C:/ST/STM32CubeIDE_1.19.0/STM32CubeIDE/plugins/com.st.stm32cube.ide.mcu.externaltools.gnu-tools-for-stm32.10.3-2021.10.win32_1.2.0.202410251133/tools/bin/../lib/gcc/arm-none-eabi/10.3.1/thumb/v7e-m+fp/hard/crtn.o
 *(.fini)
 .fini          0x000000000800a9f8        0x4 C:/ST/STM32CubeIDE_1.19.0/STM32CubeIDE/plugins/com.st.stm32cube.ide.mcu.externaltools.gnu-tools-for-stm32.10.3-2021.10.win32_1.2.0.202410251133/tools/bin/../lib/gcc/arm-none-eabi/10.3.1/thumb/v7e-m+fp/hard/crti.o
                0x000000000800a9f8                _fini
 .fini          0x000000000800a9fc        0x8 C:/ST/STM32CubeIDE_1.19.0/STM32CubeIDE/plugins/com.st.stm32cube.ide.mcu.externaltools.gnu-tools-for-stm32.10.3-2021.10.win32_1.2.0.202410251133/tools/bin/../lib/gcc/arm-none-eabi/10.3.1/thumb/v7e-m+fp/hard/crtn.o
                0x000000000800aa04                . = ALIGN (0x4)
                0x000000000800aa04                _etext = .

.vfp11_veneer   0x000000000800aa04        0x0
 .vfp11_veneer  0x000000000800aa04        0x0 linker stubs

.v4_bx          0x000000000800aa04        0x0
 .v4_bx         0x000000000800aa04        0x0 linker stubs

.iplt           0x000000000800aa04        0x0
 .iplt          0x000000000800aa04        0x0 C:/ST/STM32CubeIDE_1.19.0/STM32CubeIDE/plugins/com.st.stm32cube.ide.mcu.externaltools.gnu-tools-for-stm32.10.3-2021.10.win32_1.2.0.202410251133/tools/bin/../lib/gcc/arm-none-eabi/10.3.1/thumb/v7e-m+fp/hard/crtbegin.o

.rodata         0x000000000800aa04    0x1855c
                0x000000000800aa04                . = ALIGN (0x4)
 *(.rodata)
 .rodata        0x000000000800aa04        0x3 ./Core/Src/ms5849.o
 *fill*         0x000000000800aa07        0x1 
 .rodata        0x000000000800aa08       0x18 ./Drivers/vl53l4cd/modules/vl53l4cd_api.o
 *(.rodata*)
 .rodata.fingertip_main.str1.4
                0x000000000800aa20       0xe1 ./Core/Src/fingertip.o
 *fill*         0x000000000800ab01        0x3 
 .rodata.b_dir_0
                0x000000000800ab04      0x100 ./Core/Src/kaist_net.o
 .rodata.b_dir_1
                0x000000000800ac04        0xc ./Core/Src/kaist_net.o
 .rodata.b_encoder_0
                0x000000000800ac10      0x100 ./Core/Src/kaist_net.o
 .rodata.b_encoder_1
                0x000000000800ad10      0x100 ./Core/Src/kaist_net.o
 .rodata.b_flag_0
                0x000000000800ae10      0x100 ./Core/Src/kaist_net.o
 .rodata.b_flag_1
                0x000000000800af10        0x4 ./Core/Src/kaist_net.o
 .rodata.b_force_0
                0x000000000800af14      0x100 ./Core/Src/kaist_net.o
 .rodata.b_force_1
                0x000000000800b014        0xc ./Core/Src/kaist_net.o
 .rodata.b_trunk_0
                0x000000000800b020      0x100 ./Core/Src/kaist_net.o
 .rodata.b_trunk_1
                0x000000000800b120      0x100 ./Core/Src/kaist_net.o
 .rodata.d_dir_0
                0x000000000800b220      0x100 ./Core/Src/kaist_net.o
 .rodata.d_dir_1
                0x000000000800b320        0xc ./Core/Src/kaist_net.o
 .rodata.d_encoder_0
                0x000000000800b32c      0x100 ./Core/Src/kaist_net.o
 .rodata.d_encoder_1
                0x000000000800b42c      0x100 ./Core/Src/kaist_net.o
 .rodata.d_flag_0
                0x000000000800b52c      0x100 ./Core/Src/kaist_net.o
 .rodata.d_flag_1
                0x000000000800b62c        0x4 ./Core/Src/kaist_net.o
 .rodata.d_force_0
                0x000000000800b630      0x100 ./Core/Src/kaist_net.o
 .rodata.d_force_1
                0x000000000800b730        0xc ./Core/Src/kaist_net.o
 .rodata.d_trunk_0
                0x000000000800b73c      0x100 ./Core/Src/kaist_net.o
 .rodata.d_trunk_1
                0x000000000800b83c      0x100 ./Core/Src/kaist_net.o
 .rodata.gelu_lut
                0x000000000800b93c     0x1004 ./Core/Src/kaist_net.o
 .rodata.w_dir_0
                0x000000000800c940     0x2000 ./Core/Src/kaist_net.o
 .rodata.w_dir_1
                0x000000000800e940      0x180 ./Core/Src/kaist_net.o
 .rodata.w_encoder_0
                0x000000000800eac0     0x8000 ./Core/Src/kaist_net.o
 .rodata.w_encoder_1
                0x0000000008016ac0     0x2000 ./Core/Src/kaist_net.o
 .rodata.w_flag_0
                0x0000000008018ac0     0x2000 ./Core/Src/kaist_net.o
 .rodata.w_flag_1
                0x000000000801aac0       0x80 ./Core/Src/kaist_net.o
 .rodata.w_force_0
                0x000000000801ab40     0x2000 ./Core/Src/kaist_net.o
 .rodata.w_force_1
                0x000000000801cb40      0x180 ./Core/Src/kaist_net.o
 .rodata.w_trunk_0
                0x000000000801ccc0     0x2000 ./Core/Src/kaist_net.o
 .rodata.w_trunk_1
                0x000000000801ecc0     0x2000 ./Core/Src/kaist_net.o
 .rodata.nn_golden_F
                0x0000000008020cc0       0x60 ./Core/Src/kaist_net_selftest.o
 .rodata.nn_golden_in
                0x0000000008020d20     0x2000 ./Core/Src/kaist_net_selftest.o
 .rodata.nn_golden_prob
                0x0000000008022d20       0x20 ./Core/Src/kaist_net_selftest.o
 .rodata.nn_golden_u
                0x0000000008022d40       0x60 ./Core/Src/kaist_net_selftest.o
 .rodata.AHBPrescTable
                0x0000000008022da0       0x10 ./Core/Src/system_stm32g4xx.o
                0x0000000008022da0                AHBPrescTable
 .rodata.APBPrescTable
                0x0000000008022db0        0x8 ./Core/Src/system_stm32g4xx.o
                0x0000000008022db0                APBPrescTable
 .rodata.DLCtoBytes
                0x0000000008022db8       0x10 ./Drivers/STM32G4xx_HAL_Driver/Src/stm32g4xx_hal_fdcan.o
 .rodata.CSWTCH.60
                0x0000000008022dc8        0x3 ./Drivers/STM32G4xx_HAL_Driver/Src/stm32g4xx_hal_uart.o
 *fill*         0x0000000008022dcb        0x1 
 .rodata.CSWTCH.61
                0x0000000008022dcc        0xd ./Drivers/STM32G4xx_HAL_Driver/Src/stm32g4xx_hal_uart.o
 *fill*         0x0000000008022dd9        0x3 
 .rodata.UARTPrescTable
                0x0000000008022ddc       0x18 ./Drivers/STM32G4xx_HAL_Driver/Src/stm32g4xx_hal_uart.o
                0x0000000008022ddc                UARTPrescTable
 .rodata.denominator.0
                0x0000000008022df4        0x8 ./Drivers/STM32G4xx_HAL_Driver/Src/stm32g4xx_hal_uart_ex.o
 .rodata.numerator.1
                0x0000000008022dfc        0x8 ./Drivers/STM32G4xx_HAL_Driver/Src/stm32g4xx_hal_uart_ex.o
 .rodata.VL53L4CD_DEFAULT_CONFIGURATION
                0x0000000008022e04       0x5b ./Drivers/vl53l4cd/modules/vl53l4cd_api.o
 .rodata.asinf.str1.1
                0x0000000008022e5f        0x0 C:/ST/STM32CubeIDE_1.19.0/STM32CubeIDE/plugins/com.st.stm32cube.ide.mcu.externaltools.gnu-tools-for-stm32.10.3-2021.10.win32_1.2.0.202410251133/tools/bin/../lib/gcc/arm-none-eabi/10.3.1/../../../../arm-none-eabi/lib/thumb/v7e-m+fp/hard\libm.a(lib_a-wf_asin.o)
                                          0x1 (size before relaxing)
 *fill*         0x0000000008022e5f        0x1 
 .rodata.CSWTCH.8
                0x0000000008022e60        0xc C:/ST/STM32CubeIDE_1.19.0/STM32CubeIDE/plugins/com.st.stm32cube.ide.mcu.externaltools.gnu-tools-for-stm32.10.3-2021.10.win32_1.2.0.202410251133/tools/bin/../lib/gcc/arm-none-eabi/10.3.1/../../../../arm-none-eabi/lib/thumb/v7e-m+fp/hard\libm.a(lib_a-ef_atan2.o)
 .rodata.CSWTCH.9
                0x0000000008022e6c        0xc C:/ST/STM32CubeIDE_1.19.0/STM32CubeIDE/plugins/com.st.stm32cube.ide.mcu.externaltools.gnu-tools-for-stm32.10.3-2021.10.win32_1.2.0.202410251133/tools/bin/../lib/gcc/arm-none-eabi/10.3.1/../../../../arm-none-eabi/lib/thumb/v7e-m+fp/hard\libm.a(lib_a-ef_atan2.o)
 .rodata.halF   0x0000000008022e78        0x8 C:/ST/STM32CubeIDE_1.19.0/STM32CubeIDE/plugins/com.st.stm32cube.ide.mcu.externaltools.gnu-tools-for-stm32.10.3-2021.10.win32_1.2.0.202410251133/tools/bin/../lib/gcc/arm-none-eabi/10.3.1/../../../../arm-none-eabi/lib/thumb/v7e-m+fp/hard\libm.a(lib_a-ef_exp.o)
 .rodata.ln2HI  0x0000000008022e80        0x8 C:/ST/STM32CubeIDE_1.19.0/STM32CubeIDE/plugins/com.st.stm32cube.ide.mcu.externaltools.gnu-tools-for-stm32.10.3-2021.10.win32_1.2.0.202410251133/tools/bin/../lib/gcc/arm-none-eabi/10.3.1/../../../../arm-none-eabi/lib/thumb/v7e-m+fp/hard\libm.a(lib_a-ef_exp.o)
 .rodata.ln2LO  0x0000000008022e88        0x8 C:/ST/STM32CubeIDE_1.19.0/STM32CubeIDE/plugins/com.st.stm32cube.ide.mcu.externaltools.gnu-tools-for-stm32.10.3-2021.10.win32_1.2.0.202410251133/tools/bin/../lib/gcc/arm-none-eabi/10.3.1/../../../../arm-none-eabi/lib/thumb/v7e-m+fp/hard\libm.a(lib_a-ef_exp.o)
 .rodata.bp     0x0000000008022e90        0x8 C:/ST/STM32CubeIDE_1.19.0/STM32CubeIDE/plugins/com.st.stm32cube.ide.mcu.externaltools.gnu-tools-for-stm32.10.3-2021.10.win32_1.2.0.202410251133/tools/bin/../lib/gcc/arm-none-eabi/10.3.1/../../../../arm-none-eabi/lib/thumb/v7e-m+fp/hard\libm.a(lib_a-ef_pow.o)
 .rodata.dp_h   0x0000000008022e98        0x8 C:/ST/STM32CubeIDE_1.19.0/STM32CubeIDE/plugins/com.st.stm32cube.ide.mcu.externaltools.gnu-tools-for-stm32.10.3-2021.10.win32_1.2.0.202410251133/tools/bin/../lib/gcc/arm-none-eabi/10.3.1/../../../../arm-none-eabi/lib/thumb/v7e-m+fp/hard\libm.a(lib_a-ef_pow.o)
 .rodata.dp_l   0x0000000008022ea0        0x8 C:/ST/STM32CubeIDE_1.19.0/STM32CubeIDE/plugins/com.st.stm32cube.ide.mcu.externaltools.gnu-tools-for-stm32.10.3-2021.10.win32_1.2.0.202410251133/tools/bin/../lib/gcc/arm-none-eabi/10.3.1/../../../../arm-none-eabi/lib/thumb/v7e-m+fp/hard\libm.a(lib_a-ef_pow.o)
 .rodata.atanhi
                0x0000000008022ea8       0x10 C:/ST/STM32CubeIDE_1.19.0/STM32CubeIDE/plugins/com.st.stm32cube.ide.mcu.externaltools.gnu-tools-for-stm32.10.3-2021.10.win32_1.2.0.202410251133/tools/bin/../lib/gcc/arm-none-eabi/10.3.1/../../../../arm-none-eabi/lib/thumb/v7e-m+fp/hard\libm.a(lib_a-sf_atan.o)
 .rodata.atanlo
                0x0000000008022eb8       0x10 C:/ST/STM32CubeIDE_1.19.0/STM32CubeIDE/plugins/com.st.stm32cube.ide.mcu.externaltools.gnu-tools-for-stm32.10.3-2021.10.win32_1.2.0.202410251133/tools/bin/../lib/gcc/arm-none-eabi/10.3.1/../../../../arm-none-eabi/lib/thumb/v7e-m+fp/hard\libm.a(lib_a-sf_atan.o)
 .rodata._global_impure_ptr
                0x0000000008022ec8        0x4 C:/ST/STM32CubeIDE_1.19.0/STM32CubeIDE/plugins/com.st.stm32cube.ide.mcu.externaltools.gnu-tools-for-stm32.10.3-2021.10.win32_1.2.0.202410251133/tools/bin/../lib/gcc/arm-none-eabi/10.3.1/../../../../arm-none-eabi/lib/thumb/v7e-m+fp/hard\libc_nano.a(lib_a-impure.o)
                0x0000000008022ec8                _global_impure_ptr
 .rodata.__sf_fake_stderr
                0x0000000008022ecc       0x20 C:/ST/STM32CubeIDE_1.19.0/STM32CubeIDE/plugins/com.st.stm32cube.ide.mcu.externaltools.gnu-tools-for-stm32.10.3-2021.10.win32_1.2.0.202410251133/tools/bin/../lib/gcc/arm-none-eabi/10.3.1/../../../../arm-none-eabi/lib/thumb/v7e-m+fp/hard\libc_nano.a(lib_a-findfp.o)
                0x0000000008022ecc                __sf_fake_stderr
 .rodata.__sf_fake_stdin
                0x0000000008022eec       0x20 C:/ST/STM32CubeIDE_1.19.0/STM32CubeIDE/plugins/com.st.stm32cube.ide.mcu.externaltools.gnu-tools-for-stm32.10.3-2021.10.win32_1.2.0.202410251133/tools/bin/../lib/gcc/arm-none-eabi/10.3.1/../../../../arm-none-eabi/lib/thumb/v7e-m+fp/hard\libc_nano.a(lib_a-findfp.o)
                0x0000000008022eec                __sf_fake_stdin
 .rodata.__sf_fake_stdout
                0x0000000008022f0c       0x20 C:/ST/STM32CubeIDE_1.19.0/STM32CubeIDE/plugins/com.st.stm32cube.ide.mcu.externaltools.gnu-tools-for-stm32.10.3-2021.10.win32_1.2.0.202410251133/tools/bin/../lib/gcc/arm-none-eabi/10.3.1/../../../../arm-none-eabi/lib/thumb/v7e-m+fp/hard\libc_nano.a(lib_a-findfp.o)
                0x0000000008022f0c                __sf_fake_stdout
 .rodata._vfprintf_r.str1.1
                0x0000000008022f2c       0x11 C:/ST/STM32CubeIDE_1.19.0/STM32CubeIDE/plugins/com.st.stm32cube.ide.mcu.externaltools.gnu-tools-for-stm32.10.3-2021.10.win32_1.2.0.202410251133/tools/bin/../lib/gcc/arm-none-eabi/10.3.1/../../../../arm-none-eabi/lib/thumb/v7e-m+fp/hard\libc_nano.a(lib_a-nano-vfprintf.o)
 .rodata._printf_i.str1.1
                0x0000000008022f3d       0x22 C:/ST/STM32CubeIDE_1.19.0/STM32CubeIDE/plugins/com.st.stm32cube.ide.mcu.externaltools.gnu-tools-for-stm32.10.3-2021.10.win32_1.2.0.202410251133/tools/bin/../lib/gcc/arm-none-eabi/10.3.1/../../../../arm-none-eabi/lib/thumb/v7e-m+fp/hard\libc_nano.a(lib_a-nano-vfprintf_i.o)
                0x0000000008022f60                . = ALIGN (0x4)
 *fill*         0x0000000008022f5f        0x1 

.ARM.extab      0x0000000008022f60        0x0
                0x0000000008022f60                . = ALIGN (0x4)
 *(.ARM.extab* .gnu.linkonce.armextab.*)
                0x0000000008022f60                . = ALIGN (0x4)

.ARM            0x0000000008022f60        0x8
                0x0000000008022f60                . = ALIGN (0x4)
                0x0000000008022f60                __exidx_start = .
 *(.ARM.exidx*)
 .ARM.exidx     0x0000000008022f60        0x8 C:/ST/STM32CubeIDE_1.19.0/STM32CubeIDE/plugins/com.st.stm32cube.ide.mcu.externaltools.gnu-tools-for-stm32.10.3-2021.10.win32_1.2.0.202410251133/tools/bin/../lib/gcc/arm-none-eabi/10.3.1/thumb/v7e-m+fp/hard\libgcc.a(_udivmoddi4.o)
                0x0000000008022f68                __exidx_end = .
                0x0000000008022f68                . = ALIGN (0x4)

.rel.dyn        0x0000000008022f68        0x0
 .rel.iplt      0x0000000008022f68        0x0 C:/ST/STM32CubeIDE_1.19.0/STM32CubeIDE/plugins/com.st.stm32cube.ide.mcu.externaltools.gnu-tools-for-stm32.10.3-2021.10.win32_1.2.0.202410251133/tools/bin/../lib/gcc/arm-none-eabi/10.3.1/thumb/v7e-m+fp/hard/crtbegin.o

.preinit_array  0x0000000008022f68        0x0
                0x0000000008022f68                . = ALIGN (0x4)
                0x0000000008022f68                PROVIDE (__preinit_array_start = .)
 *(.preinit_array*)
                0x0000000008022f68                PROVIDE (__preinit_array_end = .)
                0x0000000008022f68                . = ALIGN (0x4)

.init_array     0x0000000008022f68        0x8
                0x0000000008022f68                . = ALIGN (0x4)
                0x0000000008022f68                PROVIDE (__init_array_start = .)
 *(SORT_BY_NAME(.init_array.*))
 *(.init_array*)
 .init_array    0x0000000008022f68        0x4 C:/ST/STM32CubeIDE_1.19.0/STM32CubeIDE/plugins/com.st.stm32cube.ide.mcu.externaltools.gnu-tools-for-stm32.10.3-2021.10.win32_1.2.0.202410251133/tools/bin/../lib/gcc/arm-none-eabi/10.3.1/thumb/v7e-m+fp/hard/crtbegin.o
 .init_array    0x0000000008022f6c        0x4 ./Core/Src/fingertip.o
                0x0000000008022f70                PROVIDE (__init_array_end = .)
                0x0000000008022f70                . = ALIGN (0x4)

.fini_array     0x0000000008022f70        0x4
                0x0000000008022f70                . = ALIGN (0x4)
                [!provide]                        PROVIDE (__fini_array_start = .)
 *(SORT_BY_NAME(.fini_array.*))
 *(.fini_array*)
 .fini_array    0x0000000008022f70        0x4 C:/ST/STM32CubeIDE_1.19.0/STM32CubeIDE/plugins/com.st.stm32cube.ide.mcu.externaltools.gnu-tools-for-stm32.10.3-2021.10.win32_1.2.0.202410251133/tools/bin/../lib/gcc/arm-none-eabi/10.3.1/thumb/v7e-m+fp/hard/crtbegin.o
                [!provide]                        PROVIDE (__fini_array_end = .)
                0x0000000008022f74                . = ALIGN (0x4)
                0x0000000008022f74                _sidata = LOADADDR (.data)

.data           0x0000000020000000       0x74 load address 0x0000000008022f74
                0x0000000020000000                . = ALIGN (0x4)
                0x0000000020000000                _sdata = .
 *(.data)
 *(.data*)
 .data.rotationVector_Q1
                0x0000000020000000        0x2 ./Core/Src/BNO080.o
                0x0000000020000000                rotationVector_Q1
 *fill*         0x0000000020000002        0x2 
 .data.SystemCoreClock
                0x0000000020000004        0x4 ./Core/Src/system_stm32g4xx.o
                0x0000000020000004                SystemCoreClock
 .data.uwTickFreq
                0x0000000020000008        0x4 ./Drivers/STM32G4xx_HAL_Driver/Src/stm32g4xx_hal.o
                0x0000000020000008                uwTickFreq
 .data.uwTickPrio
                0x000000002000000c        0x4 ./Drivers/STM32G4xx_HAL_Driver/Src/stm32g4xx_hal.o
                0x000000002000000c                uwTickPrio
 .data._impure_ptr
                0x0000000020000010        0x4 C:/ST/STM32CubeIDE_1.19.0/STM32CubeIDE/plugins/com.st.stm32cube.ide.mcu.externaltools.gnu-tools-for-stm32.10.3-2021.10.win32_1.2.0.202410251133/tools/bin/../lib/gcc/arm-none-eabi/10.3.1/../../../../arm-none-eabi/lib/thumb/v7e-m+fp/hard\libc_nano.a(lib_a-impure.o)
                0x0000000020000010                _impure_ptr
 .data.impure_data
                0x0000000020000014       0x60 C:/ST/STM32CubeIDE_1.19.0/STM32CubeIDE/plugins/com.st.stm32cube.ide.mcu.externaltools.gnu-tools-for-stm32.10.3-2021.10.win32_1.2.0.202410251133/tools/bin/../lib/gcc/arm-none-eabi/10.3.1/../../../../arm-none-eabi/lib/thumb/v7e-m+fp/hard\libc_nano.a(lib_a-impure.o)
 *(.RamFunc)
 *(.RamFunc*)
                0x0000000020000074                . = ALIGN (0x4)
                0x0000000020000074                _edata = .

.igot.plt       0x0000000020000074        0x0 load address 0x0000000008022fe8
 .igot.plt      0x0000000020000074        0x0 C:/ST/STM32CubeIDE_1.19.0/STM32CubeIDE/plugins/com.st.stm32cube.ide.mcu.externaltools.gnu-tools-for-stm32.10.3-2021.10.win32_1.2.0.202410251133/tools/bin/../lib/gcc/arm-none-eabi/10.3.1/thumb/v7e-m+fp/hard/crtbegin.o
                0x0000000020000074                . = ALIGN (0x4)

.bss            0x0000000020000078     0x18fc load address 0x0000000008022fe8
                0x0000000020000078                _sbss = .
                0x0000000020000078                __bss_start__ = _sbss
 *(.bss)
 .bss           0x0000000020000078       0x1c C:/ST/STM32CubeIDE_1.19.0/STM32CubeIDE/plugins/com.st.stm32cube.ide.mcu.externaltools.gnu-tools-for-stm32.10.3-2021.10.win32_1.2.0.202410251133/tools/bin/../lib/gcc/arm-none-eabi/10.3.1/thumb/v7e-m+fp/hard/crtbegin.o
 *(.bss*)
 .bss._activityConfidences
                0x0000000020000094        0x4 ./Core/Src/BNO080.o
                0x0000000020000094                _activityConfidences
 .bss.accelAccuracy
                0x0000000020000098        0x2 ./Core/Src/BNO080.o
                0x0000000020000098                accelAccuracy
 .bss.accelLinAccuracy
                0x000000002000009a        0x2 ./Core/Src/BNO080.o
                0x000000002000009a                accelLinAccuracy
 .bss.activityClassifier
                0x000000002000009c        0x1 ./Core/Src/BNO080.o
                0x000000002000009c                activityClassifier
 .bss.calibrationStatus
                0x000000002000009d        0x1 ./Core/Src/BNO080.o
                0x000000002000009d                calibrationStatus
 .bss.gyroAccuracy
                0x000000002000009e        0x2 ./Core/Src/BNO080.o
                0x000000002000009e                gyroAccuracy
 .bss.magAccuracy
                0x00000000200000a0        0x2 ./Core/Src/BNO080.o
                0x00000000200000a0                magAccuracy
 .bss.quatAccuracy
                0x00000000200000a2        0x2 ./Core/Src/BNO080.o
                0x00000000200000a2                quatAccuracy
 .bss.rawAccelX
                0x00000000200000a4        0x2 ./Core/Src/BNO080.o
                0x00000000200000a4                rawAccelX
 .bss.rawAccelY
                0x00000000200000a6        0x2 ./Core/Src/BNO080.o
                0x00000000200000a6                rawAccelY
 .bss.rawAccelZ