../Drivers/vl53l4cd/modules/vl53l4cd_api.c:134:16:VL53L4CD_GetSWVersion	24	static
../Drivers/vl53l4cd/modules/vl53l4cd_api.c:146:16:VL53L4CD_SetI2CAddress	24	static
../Drivers/vl53l4cd/modules/vl53l4cd_api.c:157:16:VL53L4CD_GetSensorId	24	static
../Drivers/vl53l4cd/modules/vl53l4cd_api.c:167:16:VL53L4CD_SensorInit	24	static
../Drivers/vl53l4cd/modules/vl53l4cd_api.c:238:16:VL53L4CD_ClearInterrupt	24	static
../Drivers/vl53l4cd/modules/vl53l4cd_api.c:247:16:VL53L4CD_StartRanging	24	static
../Drivers/vl53l4cd/modules/vl53l4cd_api.c:269:16:VL53L4CD_StopRanging	24	static
../Drivers/vl53l4cd/modules/vl53l4cd_api.c:278:16:VL53L4CD_CheckForDataReady	24	static
../Drivers/vl53l4cd/modules/vl53l4cd_api.c:313:16:VL53L4CD_SetRangeTiming	56	static
../Drivers/vl53l4cd/modules/vl53l4cd_api.c:402:16:VL53L4CD_GetRangeTiming	56	static
../Drivers/vl53l4cd/modules/vl53l4cd_api.c:459:16:VL53L4CD_GetResult	56	static
../Drivers/vl53l4cd/modules/vl53l4cd_api.c:507:16:VL53L4CD_SetOffset	24	static
../Drivers/vl53l4cd/modules/vl53l4cd_api.c:522:17:VL53L4CD_GetOffset	24	static
../Drivers/vl53l4cd/modules/vl53l4cd_api.c:543:16:VL53L4CD_SetXtalk	24	static
../Drivers/vl53l4cd/modules/vl53l4cd_api.c:560:16:VL53L4CD_GetXtalk	24	static
../Drivers/vl53l4cd/modules/vl53l4cd_api.c:576:16:VL53L4CD_SetDetectionThresholds	32	static
../Drivers/vl53l4cd/modules/vl53l4cd_api.c:590:16:VL53L4CD_GetDetectionThresholds	32	static
../Drivers/vl53l4cd/modules/vl53l4cd_api.c:605:16:VL53L4CD_SetSignalThreshold	24	static
../Drivers/vl53l4cd/modules/vl53l4cd_api.c:616:16:VL53L4CD_GetSignalThreshold	24	static
../Drivers/vl53l4cd/modules/vl53l4cd_api.c:630:16:VL53L4CD_SetSigmaThreshold	24	static
../Drivers/vl53l4cd/modules/vl53l4cd_api.c:649:16:VL53L4CD_GetSigmaThreshold	24	static
../Drivers/vl53l4cd/modules/vl53l4cd_api.c:662:16:VL53L4CD_StartTemperatureUpdate	24	static
